Archive member included to satisfy reference by file (symbol)

d:/stm32_project/tool/7-2018-q2-update/bin/../lib/gcc/arm-none-eabi/7.3.1/../../../../arm-none-eabi/lib/thumb/v7e-m/fpv4-sp/hard\libc_nano.a(lib_a-exit.o)
                              d:/stm32_project/tool/7-2018-q2-update/bin/../lib/gcc/arm-none-eabi/7.3.1/../../../../arm-none-eabi/lib/thumb/v7e-m/fpv4-sp/hard/crt0.o (exit)
d:/stm32_project/tool/7-2018-q2-update/bin/../lib/gcc/arm-none-eabi/7.3.1/../../../../arm-none-eabi/lib/thumb/v7e-m/fpv4-sp/hard\libc_nano.a(lib_a-impure.o)
                              d:/stm32_project/tool/7-2018-q2-update/bin/../lib/gcc/arm-none-eabi/7.3.1/../../../../arm-none-eabi/lib/thumb/v7e-m/fpv4-sp/hard\libc_nano.a(lib_a-exit.o) (_global_impure_ptr)
d:/stm32_project/tool/7-2018-q2-update/bin/../lib/gcc/arm-none-eabi/7.3.1/../../../../arm-none-eabi/lib/thumb/v7e-m/fpv4-sp/hard\libc_nano.a(lib_a-init.o)
                              d:/stm32_project/tool/7-2018-q2-update/bin/../lib/gcc/arm-none-eabi/7.3.1/../../../../arm-none-eabi/lib/thumb/v7e-m/fpv4-sp/hard/crt0.o (__libc_init_array)
d:/stm32_project/tool/7-2018-q2-update/bin/../lib/gcc/arm-none-eabi/7.3.1/../../../../arm-none-eabi/lib/thumb/v7e-m/fpv4-sp/hard\libc_nano.a(lib_a-memset.o)
                              d:/stm32_project/tool/7-2018-q2-update/bin/../lib/gcc/arm-none-eabi/7.3.1/../../../../arm-none-eabi/lib/thumb/v7e-m/fpv4-sp/hard/crt0.o (memset)
d:/stm32_project/tool/7-2018-q2-update/bin/../lib/gcc/arm-none-eabi/7.3.1/../../../../arm-none-eabi/lib/thumb/v7e-m/fpv4-sp/hard\libnosys.a(_exit.o)
                              d:/stm32_project/tool/7-2018-q2-update/bin/../lib/gcc/arm-none-eabi/7.3.1/../../../../arm-none-eabi/lib/thumb/v7e-m/fpv4-sp/hard\libc_nano.a(lib_a-exit.o) (_exit)
d:/stm32_project/tool/7-2018-q2-update/bin/../lib/gcc/arm-none-eabi/7.3.1/thumb/v7e-m/fpv4-sp/hard\libgcc.a(_aeabi_uldivmod.o)
                              build/stm32f4xx_hal_rcc.o (__aeabi_uldivmod)
d:/stm32_project/tool/7-2018-q2-update/bin/../lib/gcc/arm-none-eabi/7.3.1/thumb/v7e-m/fpv4-sp/hard\libgcc.a(_udivmoddi4.o)
                              d:/stm32_project/tool/7-2018-q2-update/bin/../lib/gcc/arm-none-eabi/7.3.1/thumb/v7e-m/fpv4-sp/hard\libgcc.a(_aeabi_uldivmod.o) (__udivmoddi4)
d:/stm32_project/tool/7-2018-q2-update/bin/../lib/gcc/arm-none-eabi/7.3.1/thumb/v7e-m/fpv4-sp/hard\libgcc.a(_dvmd_tls.o)
                              d:/stm32_project/tool/7-2018-q2-update/bin/../lib/gcc/arm-none-eabi/7.3.1/thumb/v7e-m/fpv4-sp/hard\libgcc.a(_aeabi_uldivmod.o) (__aeabi_ldiv0)

Allocating common symbols
Common symbol       size              file

uwTick              0x4               build/stm32f4xx_hal.o
pFlash              0x20              build/stm32f4xx_hal_flash.o
huart2              0x40              build/usart.o

Discarded input sections

 .text          0x00000000        0x0 d:/stm32_project/tool/7-2018-q2-update/bin/../lib/gcc/arm-none-eabi/7.3.1/thumb/v7e-m/fpv4-sp/hard/crti.o
 .data          0x00000000        0x0 d:/stm32_project/tool/7-2018-q2-update/bin/../lib/gcc/arm-none-eabi/7.3.1/thumb/v7e-m/fpv4-sp/hard/crti.o
 .bss           0x00000000        0x0 d:/stm32_project/tool/7-2018-q2-update/bin/../lib/gcc/arm-none-eabi/7.3.1/thumb/v7e-m/fpv4-sp/hard/crti.o
 .data          0x00000000        0x4 d:/stm32_project/tool/7-2018-q2-update/bin/../lib/gcc/arm-none-eabi/7.3.1/thumb/v7e-m/fpv4-sp/hard/crtbegin.o
 .text          0x00000000       0x74 d:/stm32_project/tool/7-2018-q2-update/bin/../lib/gcc/arm-none-eabi/7.3.1/../../../../arm-none-eabi/lib/thumb/v7e-m/fpv4-sp/hard/crt0.o
 .data          0x00000000        0x0 d:/stm32_project/tool/7-2018-q2-update/bin/../lib/gcc/arm-none-eabi/7.3.1/../../../../arm-none-eabi/lib/thumb/v7e-m/fpv4-sp/hard/crt0.o
 .bss           0x00000000        0x0 d:/stm32_project/tool/7-2018-q2-update/bin/../lib/gcc/arm-none-eabi/7.3.1/../../../../arm-none-eabi/lib/thumb/v7e-m/fpv4-sp/hard/crt0.o
 .ARM.extab     0x00000000        0x0 d:/stm32_project/tool/7-2018-q2-update/bin/../lib/gcc/arm-none-eabi/7.3.1/../../../../arm-none-eabi/lib/thumb/v7e-m/fpv4-sp/hard/crt0.o
 .ARM.exidx     0x00000000        0x8 d:/stm32_project/tool/7-2018-q2-update/bin/../lib/gcc/arm-none-eabi/7.3.1/../../../../arm-none-eabi/lib/thumb/v7e-m/fpv4-sp/hard/crt0.o
 .ARM.attributes
                0x00000000       0x20 d:/stm32_project/tool/7-2018-q2-update/bin/../lib/gcc/arm-none-eabi/7.3.1/../../../../arm-none-eabi/lib/thumb/v7e-m/fpv4-sp/hard/crt0.o
 .text          0x00000000        0x0 build/main.o
 .data          0x00000000        0x0 build/main.o
 .bss           0x00000000        0x0 build/main.o
 .text          0x00000000        0x0 build/gpio.o
 .data          0x00000000        0x0 build/gpio.o
 .bss           0x00000000        0x0 build/gpio.o
 .text          0x00000000        0x0 build/stm32f4xx_it.o
 .data          0x00000000        0x0 build/stm32f4xx_it.o
 .bss           0x00000000        0x0 build/stm32f4xx_it.o
[...]
Memory Configuration

Name             Origin             Length             Attributes
RAM              0x20000000         0x00020000         xrw
CCMRAM           0x10000000         0x00010000         xrw
FLASH            0x08000000         0x00100000         xr
*default*        0x00000000         0xffffffff

Linker script and memory map

LOAD d:/stm32_project/tool/7-2018-q2-update/bin/../lib/gcc/arm-none-eabi/7.3.1/thumb/v7e-m/fpv4-sp/hard/crti.o
LOAD d:/stm32_project/tool/7-2018-q2-update/bin/../lib/gcc/arm-none-eabi/7.3.1/thumb/v7e-m/fpv4-sp/hard/crtbegin.o
LOAD d:/stm32_project/tool/7-2018-q2-update/bin/../lib/gcc/arm-none-eabi/7.3.1/../../../../arm-none-eabi/lib/thumb/v7e-m/fpv4-sp/hard/crt0.o
LOAD build/main.o
LOAD build/gpio.o
LOAD build/stm32f4xx_it.o
LOAD build/stm32f4xx_hal_msp.o
LOAD build/stm32f4xx_hal_tim.o
LOAD build/stm32f4xx_hal_tim_ex.o
LOAD build/stm32f4xx_hal_rcc.o
LOAD build/stm32f4xx_hal_rcc_ex.o
LOAD build/stm32f4xx_hal_flash.o
LOAD build/stm32f4xx_hal_flash_ex.o
LOAD build/stm32f4xx_hal_flash_ramfunc.o
LOAD build/stm32f4xx_hal_gpio.o
LOAD build/stm32f4xx_hal_dma_ex.o
LOAD build/stm32f4xx_hal_dma.o
LOAD build/stm32f4xx_hal_pwr.o
LOAD build/stm32f4xx_hal_pwr_ex.o
LOAD build/stm32f4xx_hal_cortex.o
LOAD build/stm32f4xx_hal.o
LOAD build/stm32f4xx_hal_exti.o
LOAD build/system_stm32f4xx.o
LOAD build/usart.o
LOAD build/stm32f4xx_hal_uart.o
LOAD build/startup_stm32f407xx.o
LOAD d:/stm32_project/tool/7-2018-q2-update/bin/../lib/gcc/arm-none-eabi/7.3.1/../../../../arm-none-eabi/lib/thumb/v7e-m/fpv4-sp/hard\libc_nano.a
LOAD d:/stm32_project/tool/7-2018-q2-update/bin/../lib/gcc/arm-none-eabi/7.3.1/../../../../arm-none-eabi/lib/thumb/v7e-m/fpv4-sp/hard\libm.a
LOAD d:/stm32_project/tool/7-2018-q2-update/bin/../lib/gcc/arm-none-eabi/7.3.1/../../../../arm-none-eabi/lib/thumb/v7e-m/fpv4-sp/hard\libnosys.a
START GROUP
LOAD d:/stm32_project/tool/7-2018-q2-update/bin/../lib/gcc/arm-none-eabi/7.3.1/thumb/v7e-m/fpv4-sp/hard\libgcc.a
LOAD d:/stm32_project/tool/7-2018-q2-update/bin/../lib/gcc/arm-none-eabi/7.3.1/../../../../arm-none-eabi/lib/thumb/v7e-m/fpv4-sp/hard\libc_nano.a
END GROUP
START GROUP
LOAD d:/stm32_project/tool/7-2018-q2-update/bin/../lib/gcc/arm-none-eabi/7.3.1/thumb/v7e-m/fpv4-sp/hard\libgcc.a
LOAD d:/stm32_project/tool/7-2018-q2-update/bin/../lib/gcc/arm-none-eabi/7.3.1/../../../../arm-none-eabi/lib/thumb/v7e-m/fpv4-sp/hard\libc_nano.a
END GROUP
LOAD d:/stm32_project/tool/7-2018-q2-update/bin/../lib/gcc/arm-none-eabi/7.3.1/thumb/v7e-m/fpv4-sp/hard/crtend.o
LOAD d:/stm32_project/tool/7-2018-q2-update/bin/../lib/gcc/arm-none-eabi/7.3.1/thumb/v7e-m/fpv4-sp/hard/crtn.o
                0x20020000                _estack = 0x20020000
                0x00000200                _Min_Heap_Size = 0x200
                0x00000400                _Min_Stack_Size = 0x400

.isr_vector     0x08000000      0x188
                0x08000000                . = ALIGN (0x4)
 *(.isr_vector)
 .isr_vector    0x08000000      0x188 build/startup_stm32f407xx.o
                0x08000000                g_pfnVectors
                0x08000188                . = ALIGN (0x4)

.text           0x08000188     0x16d4
                0x08000188                . = ALIGN (0x4)
 *(.text)
 .text          0x08000188       0x40 d:/stm32_project/tool/7-2018-q2-update/bin/../lib/gcc/arm-none-eabi/7.3.1/thumb/v7e-m/fpv4-sp/hard/crtbegin.o
 .text          0x080001c8       0x30 d:/stm32_project/tool/7-2018-q2-update/bin/../lib/gcc/arm-none-eabi/7.3.1/thumb/v7e-m/fpv4-sp/hard\libgcc.a(_aeabi_uldivmod.o)
                0x080001c8                __aeabi_uldivmod
 .text          0x080001f8      0x2cc d:/stm32_project/tool/7-2018-q2-update/bin/../lib/gcc/arm-none-eabi/7.3.1/thumb/v7e-m/fpv4-sp/hard\libgcc.a(_udivmoddi4.o)
                0x080001f8                __udivmoddi4
 .text          0x080004c4        0x4 d:/stm32_project/tool/7-2018-q2-update/bin/../lib/gcc/arm-none-eabi/7.3.1/thumb/v7e-m/fpv4-sp/hard\libgcc.a(_dvmd_tls.o)
                0x080004c4                __aeabi_idiv0
                0x080004c4                __aeabi_ldiv0
 *(.text*)
 .text.Error_Handler
                0x080004c8        0x4 build/main.o
                0x080004c8                Error_Handler
 .text.SystemClock_Config
                0x080004cc       0x88 build/main.o
                0x080004cc                SystemClock_Config
 .text.main     0x08000554       0x5c build/main.o
                0x08000554                main
 .text.MX_GPIO_Init
                0x080005b0       0x6c build/gpio.o
                0x080005b0                MX_GPIO_Init
 .text.NMI_Handler
                0x0800061c        0x2 build/stm32f4xx_it.o
                0x0800061c                NMI_Handler
 .text.HardFault_Handler
                0x0800061e        0x2 build/stm32f4xx_it.o
                0x0800061e                HardFault_Handler
 .text.MemManage_Handler
                0x08000620        0x2 build/stm32f4xx_it.o
                0x08000620                MemManage_Handler
 .text.BusFault_Handler
                0x08000622        0x2 build/stm32f4xx_it.o
                0x08000622                BusFault_Handler
 .text.UsageFault_Handler
                0x08000624        0x2 build/stm32f4xx_it.o
                0x08000624                UsageFault_Handler
 .text.SVC_Handler
                0x08000626        0x2 build/stm32f4xx_it.o
                0x08000626                SVC_Handler
 .text.DebugMon_Handler
                0x08000628        0x2 build/stm32f4xx_it.o
                0x08000628                DebugMon_Handler
 .text.PendSV_Handler
                0x0800062a        0x2 build/stm32f4xx_it.o
                0x0800062a                PendSV_Handler
 .text.SysTick_Handler
                0x0800062c        0x8 build/stm32f4xx_it.o
                0x0800062c                SysTick_Handler
 .text.USART2_IRQHandler
                0x08000634       0x10 build/stm32f4xx_it.o
                0x08000634                USART2_IRQHandler
 .text.HAL_MspInit
                0x08000644       0x38 build/stm32f4xx_hal_msp.o
                0x08000644                HAL_MspInit
 .text.HAL_RCC_OscConfig
                0x0800067c      0x3ec build/stm32f4xx_hal_rcc.o
                0x0800067c                HAL_RCC_OscConfig
 .text.HAL_RCC_GetSysClockFreq
                0x08000a68       0xd8 build/stm32f4xx_hal_rcc.o
                0x08000a68                HAL_RCC_GetSysClockFreq
 .text.HAL_RCC_ClockConfig
                0x08000b40      0x160 build/stm32f4xx_hal_rcc.o
                0x08000b40                HAL_RCC_ClockConfig
 .text.HAL_RCC_GetHCLKFreq
                0x08000ca0        0xc build/stm32f4xx_hal_rcc.o
                0x08000ca0                HAL_RCC_GetHCLKFreq
 .text.HAL_RCC_GetPCLK1Freq
                0x08000cac       0x20 build/stm32f4xx_hal_rcc.o
                0x08000cac                HAL_RCC_GetPCLK1Freq
 .text.HAL_RCC_GetPCLK2Freq
                0x08000ccc       0x20 build/stm32f4xx_hal_rcc.o
                0x08000ccc                HAL_RCC_GetPCLK2Freq
 .text.HAL_GPIO_Init
                0x08000cec      0x1c8 build/stm32f4xx_hal_gpio.o
                0x08000cec                HAL_GPIO_Init
 .text.HAL_GPIO_WritePin
                0x08000eb4        0xc build/stm32f4xx_hal_gpio.o
                0x08000eb4                HAL_GPIO_WritePin
 .text.HAL_GPIO_TogglePin
                0x08000ec0       0x12 build/stm32f4xx_hal_gpio.o
                0x08000ec0                HAL_GPIO_TogglePin
 .text.HAL_DMA_Abort_IT
                0x08000ed2       0x26 build/stm32f4xx_hal_dma.o
                0x08000ed2                HAL_DMA_Abort_IT
 .text.HAL_NVIC_SetPriorityGrouping
                0x08000ef8       0x24 build/stm32f4xx_hal_cortex.o
                0x08000ef8                HAL_NVIC_SetPriorityGrouping
 .text.HAL_NVIC_SetPriority
                0x08000f1c       0x68 build/stm32f4xx_hal_cortex.o
                0x08000f1c                HAL_NVIC_SetPriority
 .text.HAL_NVIC_EnableIRQ
                0x08000f84       0x1c build/stm32f4xx_hal_cortex.o
                0x08000f84                HAL_NVIC_EnableIRQ
 .text.HAL_SYSTICK_Config
                0x08000fa0       0x2c build/stm32f4xx_hal_cortex.o
                0x08000fa0                HAL_SYSTICK_Config
 .text.HAL_InitTick
                0x08000fcc       0x4c build/stm32f4xx_hal.o
                0x08000fcc                HAL_InitTick
 .text.HAL_Init
                0x08001018       0x34 build/stm32f4xx_hal.o
                0x08001018                HAL_Init
 .text.HAL_IncTick
                0x0800104c       0x18 build/stm32f4xx_hal.o
                0x0800104c                HAL_IncTick
 .text.HAL_GetTick
                0x08001064        0xc build/stm32f4xx_hal.o
                0x08001064                HAL_GetTick
 .text.HAL_Delay
                0x08001070       0x28 build/stm32f4xx_hal.o
                0x08001070                HAL_Delay
 .text.SystemInit
                0x08001098       0x1c build/system_stm32f4xx.o
                0x08001098                SystemInit
 .text.MX_USART2_UART_Init
                0x080010b4       0x34 build/usart.o
                0x080010b4                MX_USART2_UART_Init
 .text.HAL_UART_MspInit
                0x080010e8       0x7c build/usart.o
                0x080010e8                HAL_UART_MspInit
 .text.UART_EndRxTransfer
                0x08001164       0x1c build/stm32f4xx_hal_uart.o
 .text.UART_Transmit_IT
                0x08001180       0x68 build/stm32f4xx_hal_uart.o
 .text.UART_SetConfig
                0x080011e8      0x218 build/stm32f4xx_hal_uart.o
 .text.UART_WaitOnFlagUntilTimeout
                0x08001400       0x62 build/stm32f4xx_hal_uart.o
 .text.HAL_UART_Init
                0x08001462       0x5e build/stm32f4xx_hal_uart.o
                0x08001462                HAL_UART_Init
 .text.HAL_UART_Transmit
                0x080014c0       0xe2 build/stm32f4xx_hal_uart.o
                0x080014c0                HAL_UART_Transmit
 .text.HAL_UART_TxCpltCallback
                0x080015a2        0x2 build/stm32f4xx_hal_uart.o
                0x080015a2                HAL_UART_TxCpltCallback
 .text.UART_EndTransmit_IT
                0x080015a4       0x1a build/stm32f4xx_hal_uart.o
 .text.HAL_UART_RxCpltCallback
                0x080015be        0x2 build/stm32f4xx_hal_uart.o
                0x080015be                HAL_UART_RxCpltCallback
 .text.UART_Receive_IT
                0x080015c0       0x9c build/stm32f4xx_hal_uart.o
 .text.HAL_UART_ErrorCallback
                0x0800165c        0x2 build/stm32f4xx_hal_uart.o
                0x0800165c                HAL_UART_ErrorCallback
 *fill*         0x0800165e        0x2 
 .text.HAL_UART_IRQHandler
                0x08001660      0x128 build/stm32f4xx_hal_uart.o
                0x08001660                HAL_UART_IRQHandler
 .text.UART_DMAAbortOnError
                0x08001788       0x10 build/stm32f4xx_hal_uart.o
 .text.Reset_Handler
                0x08001798       0x50 build/startup_stm32f407xx.o
                0x08001798                Reset_Handler
 .text.Default_Handler
                0x080017e8        0x2 build/startup_stm32f407xx.o
                0x080017e8                RTC_Alarm_IRQHandler
                0x080017e8                HASH_RNG_IRQHandler
                0x080017e8                EXTI2_IRQHandler
                0x080017e8                TIM8_CC_IRQHandler
                0x080017e8                TIM1_CC_IRQHandler
                0x080017e8                DMA2_Stream5_IRQHandler
                0x080017e8                DMA1_Stream5_IRQHandler
                0x080017e8                PVD_IRQHandler
                0x080017e8                SDIO_IRQHandler
                0x080017e8                TAMP_STAMP_IRQHandler
                0x080017e8                CAN2_RX1_IRQHandler
                0x080017e8                EXTI3_IRQHandler
                0x080017e8                TIM8_TRG_COM_TIM14_IRQHandler
                0x080017e8                TIM1_UP_TIM10_IRQHandler
                0x080017e8                TIM8_UP_TIM13_IRQHandler
                0x080017e8                I2C3_ER_IRQHandler
                0x080017e8                EXTI0_IRQHandler
                0x080017e8                I2C2_EV_IRQHandler
                0x080017e8                DMA1_Stream2_IRQHandler
                0x080017e8                CAN1_RX0_IRQHandler
                0x080017e8                FPU_IRQHandler
                0x080017e8                OTG_HS_WKUP_IRQHandler
                0x080017e8                CAN2_SCE_IRQHandler
                0x080017e8                DMA2_Stream2_IRQHandler
                0x080017e8                SPI1_IRQHandler
                0x080017e8                TIM6_DAC_IRQHandler
                0x080017e8                TIM1_BRK_TIM9_IRQHandler
                0x080017e8                DCMI_IRQHandler
                0x080017e8                CAN2_RX0_IRQHandler
                0x080017e8                DMA2_Stream3_IRQHandler
                0x080017e8                USART6_IRQHandler
                0x080017e8                USART3_IRQHandler
                0x080017e8                CAN1_RX1_IRQHandler
                0x080017e8                UART5_IRQHandler
                0x080017e8                DMA2_Stream0_IRQHandler
                0x080017e8                TIM4_IRQHandler
                0x080017e8                I2C1_EV_IRQHandler
                0x080017e8                DMA1_Stream6_IRQHandler
                0x080017e8                DMA1_Stream1_IRQHandler
                0x080017e8                UART4_IRQHandler
                0x080017e8                TIM3_IRQHandler
                0x080017e8                RCC_IRQHandler
                0x080017e8                TIM8_BRK_TIM12_IRQHandler
                0x080017e8                Default_Handler
                0x080017e8                EXTI15_10_IRQHandler
                0x080017e8                ADC_IRQHandler
                0x080017e8                DMA1_Stream7_IRQHandler
                0x080017e8                TIM7_IRQHandler
                0x080017e8                CAN2_TX_IRQHandler
                0x080017e8                TIM5_IRQHandler
                0x080017e8                DMA2_Stream7_IRQHandler
                0x080017e8                I2C3_EV_IRQHandler
                0x080017e8                EXTI9_5_IRQHandler
                0x080017e8                RTC_WKUP_IRQHandler
                0x080017e8                ETH_WKUP_IRQHandler
                0x080017e8                SPI2_IRQHandler
                0x080017e8                OTG_HS_EP1_IN_IRQHandler
                0x080017e8                DMA1_Stream0_IRQHandler
                0x080017e8                CAN1_TX_IRQHandler
                0x080017e8                EXTI4_IRQHandler
                0x080017e8                FSMC_IRQHandler
                0x080017e8                ETH_IRQHandler
                0x080017e8                OTG_HS_EP1_OUT_IRQHandler
                0x080017e8                WWDG_IRQHandler
                0x080017e8                TIM2_IRQHandler
                0x080017e8                OTG_FS_WKUP_IRQHandler
                0x080017e8                TIM1_TRG_COM_TIM11_IRQHandler
                0x080017e8                OTG_HS_IRQHandler
                0x080017e8                EXTI1_IRQHandler
                0x080017e8                I2C2_ER_IRQHandler
                0x080017e8                DMA2_Stream1_IRQHandler
                0x080017e8                CAN1_SCE_IRQHandler
                0x080017e8                FLASH_IRQHandler
                0x080017e8                DMA2_Stream4_IRQHandler
                0x080017e8                USART1_IRQHandler
                0x080017e8                OTG_FS_IRQHandler
                0x080017e8                SPI3_IRQHandler
                0x080017e8                DMA1_Stream4_IRQHandler
                0x080017e8                I2C1_ER_IRQHandler
                0x080017e8                DMA2_Stream6_IRQHandler
                0x080017e8                DMA1_Stream3_IRQHandler
 *fill*         0x080017ea        0x2 
 .text.__libc_init_array
                0x080017ec       0x48 d:/stm32_project/tool/7-2018-q2-update/bin/../lib/gcc/arm-none-eabi/7.3.1/../../../../arm-none-eabi/lib/thumb/v7e-m/fpv4-sp/hard\libc_nano.a(lib_a-init.o)
                0x080017ec                __libc_init_array
 .text.memset   0x08001834       0x10 d:/stm32_project/tool/7-2018-q2-update/bin/../lib/gcc/arm-none-eabi/7.3.1/../../../../arm-none-eabi/lib/thumb/v7e-m/fpv4-sp/hard\libc_nano.a(lib_a-memset.o)
                0x08001834                memset
 *(.glue_7)
 .glue_7        0x08001844        0x0 linker stubs
 *(.glue_7t)
 .glue_7t       0x08001844        0x0 linker stubs
 *(.eh_frame)
 .eh_frame      0x08001844        0x0 d:/stm32_project/tool/7-2018-q2-update/bin/../lib/gcc/arm-none-eabi/7.3.1/thumb/v7e-m/fpv4-sp/hard/crtbegin.o
 *(.init)
 .init          0x08001844        0x4 d:/stm32_project/tool/7-2018-q2-update/bin/../lib/gcc/arm-none-eabi/7.3.1/thumb/v7e-m/fpv4-sp/hard/crti.o
                0x08001844                _init
 .init          0x08001848        0x8 d:/stm32_project/tool/7-2018-q2-update/bin/../lib/gcc/arm-none-eabi/7.3.1/thumb/v7e-m/fpv4-sp/hard/crtn.o
 *(.fini)
 .fini          0x08001850        0x4 d:/stm32_project/tool/7-2018-q2-update/bin/../lib/gcc/arm-none-eabi/7.3.1/thumb/v7e-m/fpv4-sp/hard/crti.o
                0x08001850                _fini
 .fini          0x08001854        0x8 d:/stm32_project/tool/7-2018-q2-update/bin/../lib/gcc/arm-none-eabi/7.3.1/thumb/v7e-m/fpv4-sp/hard/crtn.o
                0x0800185c                . = ALIGN (0x4)
                0x0800185c                _etext = .

.vfp11_veneer   0x0800185c        0x0
 .vfp11_veneer  0x0800185c        0x0 linker stubs

.v4_bx          0x0800185c        0x0
 .v4_bx         0x0800185c        0x0 linker stubs

.iplt           0x0800185c        0x0
 .iplt          0x0800185c        0x0 d:/stm32_project/tool/7-2018-q2-update/bin/../lib/gcc/arm-none-eabi/7.3.1/thumb/v7e-m/fpv4-sp/hard/crtbegin.o

.rodata         0x0800185c       0x28
                0x0800185c                . = ALIGN (0x4)
 *(.rodata)
 *(.rodata*)
 .rodata.main.str1.4
                0x0800185c       0x10 build/main.o
                                  0xd (size before relaxing)
 .rodata.AHBPrescTable
                0x0800186c       0x10 build/system_stm32f4xx.o
                0x0800186c                AHBPrescTable
 .rodata.APBPrescTable
                0x0800187c        0x8 build/system_stm32f4xx.o
                0x0800187c                APBPrescTable
                0x08001884                . = ALIGN (0x4)

.ARM.extab
 *(.ARM.extab* .gnu.linkonce.armextab.*)

.ARM            0x08001884        0x8
                0x08001884                __exidx_start = .
 *(.ARM.exidx*)
 .ARM.exidx     0x08001884        0x8 d:/stm32_project/tool/7-2018-q2-update/bin/../lib/gcc/arm-none-eabi/7.3.1/thumb/v7e-m/fpv4-sp/hard\libgcc.a(_udivmoddi4.o)
                0x0800188c                __exidx_end = .

.rel.dyn        0x0800188c        0x0
 .rel.iplt      0x0800188c        0x0 d:/stm32_project/tool/7-2018-q2-update/bin/../lib/gcc/arm-none-eabi/7.3.1/thumb/v7e-m/fpv4-sp/hard/crtbegin.o

.preinit_array  0x0800188c        0x0
                0x0800188c                PROVIDE (__preinit_array_start = .)
 *(.preinit_array*)
                0x0800188c                PROVIDE (__preinit_array_end = .)

.init_array     0x0800188c        0x4
                0x0800188c                PROVIDE (__init_array_start = .)
 *(SORT_BY_NAME(.init_array.*))
 *(.init_array*)
 .init_array    0x0800188c        0x4 d:/stm32_project/tool/7-2018-q2-update/bin/../lib/gcc/arm-none-eabi/7.3.1/thumb/v7e-m/fpv4-sp/hard/crtbegin.o
                0x08001890                PROVIDE (__init_array_end = .)

.fini_array     0x08001890        0x4
                [!provide]                PROVIDE (__fini_array_start = .)
 *(SORT_BY_NAME(.fini_array.*))
 *(.fini_array*)
 .fini_array    0x08001890        0x4 d:/stm32_project/tool/7-2018-q2-update/bin/../lib/gcc/arm-none-eabi/7.3.1/thumb/v7e-m/fpv4-sp/hard/crtbegin.o
                [!provide]                PROVIDE (__fini_array_end = .)
                0x08001894                _sidata = LOADADDR (.data)

.data           0x20000000        0xc load address 0x08001894
                0x20000000                . = ALIGN (0x4)
                0x20000000                _sdata = .
 *(.data)
 *(.data*)
 .data.uwTickFreq
                0x20000000        0x1 build/stm32f4xx_hal.o
                0x20000000                uwTickFreq
 *fill*         0x20000001        0x3 
 .data.uwTickPrio
                0x20000004        0x4 build/stm32f4xx_hal.o
                0x20000004                uwTickPrio
 .data.SystemCoreClock
                0x20000008        0x4 build/system_stm32f4xx.o
                0x20000008                SystemCoreClock
                0x2000000c                . = ALIGN (0x4)
                0x2000000c                _edata = .
                0x080018a0                _siccmram = LOADADDR (.ccmram)

.igot.plt       0x2000000c        0x0 load address 0x080018a0
 .igot.plt      0x2000000c        0x0 d:/stm32_project/tool/7-2018-q2-update/bin/../lib/gcc/arm-none-eabi/7.3.1/thumb/v7e-m/fpv4-sp/hard/crtbegin.o

.ccmram         0x10000000        0x0 load address 0x080018a0
                0x10000000                . = ALIGN (0x4)
                0x10000000                _sccmram = .
 *(.ccmram)
 *(.ccmram*)
                0x10000000                . = ALIGN (0x4)
                0x10000000                _eccmram = .
                0x10000000                . = ALIGN (0x4)

.bss            0x2000000c       0x60
                0x2000000c                _sbss = .
                0x2000000c                __bss_start__ = _sbss
 *(.bss)
 .bss           0x2000000c       0x1c d:/stm32_project/tool/7-2018-q2-update/bin/../lib/gcc/arm-none-eabi/7.3.1/thumb/v7e-m/fpv4-sp/hard/crtbegin.o
 *(.bss*)
 *(COMMON)
 COMMON         0x20000028        0x4 build/stm32f4xx_hal.o
                0x20000028                uwTick
 COMMON         0x2000002c       0x40 build/usart.o
                0x2000002c                huart2
                0x2000006c                . = ALIGN (0x4)
                0x2000006c                _ebss = .
                0x2000006c                __bss_end__ = _ebss

._user_heap_stack
                0x2000006c      0x604
                0x20000070                . = ALIGN (0x8)
 *fill*         0x2000006c        0x4 
                [!provide]                PROVIDE (end = .)
                [!provide]                PROVIDE (_end = .)
                0x20000270                . = (. + _Min_Heap_Size)
 *fill*         0x20000070      0x200 
                0x20000670                . = (. + _Min_Stack_Size)
 *fill*         0x20000270      0x400 
                0x20000670                . = ALIGN (0x8)

/DISCARD/
 libc.a(*)
 libm.a(*)
 libgcc.a(*)

.ARM.attributes
                0x00000000       0x30
 *(.ARM.attributes)
 .ARM.attributes
                0x00000000       0x22 d:/stm32_project/tool/7-2018-q2-update/bin/../lib/gcc/arm-none-eabi/7.3.1/thumb/v7e-m/fpv4-sp/hard/crti.o
 .ARM.attributes
                0x00000022       0x34 d:/stm32_project/tool/7-2018-q2-update/bin/../lib/gcc/arm-none-eabi/7.3.1/thumb/v7e-m/fpv4-sp/hard/crtbegin.o
 .ARM.attributes
                0x00000056       0x39 build/main.o
 .ARM.attributes
                0x0000008f       0x39 build/gpio.o
 .ARM.attributes
                0x000000c8       0x39 build/stm32f4xx_it.o
 .ARM.attributes
                0x00000101       0x39 build/stm32f4xx_hal_msp.o
 .ARM.attributes
                0x0000013a       0x39 build/stm32f4xx_hal_rcc.o
 .ARM.attributes
                0x00000173       0x39 build/stm32f4xx_hal_gpio.o
 .ARM.attributes
                0x000001ac       0x39 build/stm32f4xx_hal_dma.o
 .ARM.attributes
                0x000001e5       0x39 build/stm32f4xx_hal_cortex.o
 .ARM.attributes
                0x0000021e       0x39 build/stm32f4xx_hal.o
 .ARM.attributes
                0x00000257       0x39 build/system_stm32f4xx.o
 .ARM.attributes
                0x00000290       0x39 build/usart.o
 .ARM.attributes
                0x000002c9       0x39 build/stm32f4xx_hal_uart.o
 .ARM.attributes
                0x00000302       0x21 build/startup_stm32f407xx.o
 .ARM.attributes
                0x00000323       0x34 d:/stm32_project/tool/7-2018-q2-update/bin/../lib/gcc/arm-none-eabi/7.3.1/../../../../arm-none-eabi/lib/thumb/v7e-m/fpv4-sp/hard\libc_nano.a(lib_a-init.o)
 .ARM.attributes
                0x00000357       0x34 d:/stm32_project/tool/7-2018-q2-update/bin/../lib/gcc/arm-none-eabi/7.3.1/../../../../arm-none-eabi/lib/thumb/v7e-m/fpv4-sp/hard\libc_nano.a(lib_a-memset.o)
 .ARM.attributes
                0x0000038b       0x22 d:/stm32_project/tool/7-2018-q2-update/bin/../lib/gcc/arm-none-eabi/7.3.1/thumb/v7e-m/fpv4-sp/hard\libgcc.a(_aeabi_uldivmod.o)
 .ARM.attributes
                0x000003ad       0x34 d:/stm32_project/tool/7-2018-q2-update/bin/../lib/gcc/arm-none-eabi/7.3.1/thumb/v7e-m/fpv4-sp/hard\libgcc.a(_udivmoddi4.o)
 .ARM.attributes
                0x000003e1       0x22 d:/stm32_project/tool/7-2018-q2-update/bin/../lib/gcc/arm-none-eabi/7.3.1/thumb/v7e-m/fpv4-sp/hard\libgcc.a(_dvmd_tls.o)
 .ARM.attributes
                0x00000403       0x22 d:/stm32_project/tool/7-2018-q2-update/bin/../lib/gcc/arm-none-eabi/7.3.1/thumb/v7e-m/fpv4-sp/hard/crtn.o
OUTPUT(build/test2.elf elf32-littlearm)

.debug_info     0x00000000     0x8cd4
 .debug_info    0x00000000     0x15fd build/main.o
 .debug_info    0x000015fd      0x556 build/gpio.o
 .debug_info    0x00001b53      0x76f build/stm32f4xx_it.o
 .debug_info    0x000022c2      0x3b3 build/stm32f4xx_hal_msp.o
 .debug_info    0x00002675      0xb77 build/stm32f4xx_hal_rcc.o
 .debug_info    0x000031ec      0x864 build/stm32f4xx_hal_gpio.o
 .debug_info    0x00003a50      0xb46 build/stm32f4xx_hal_dma.o
 .debug_info    0x00004596     0x1072 build/stm32f4xx_hal_cortex.o
 .debug_info    0x00005608      0xad2 build/stm32f4xx_hal.o
 .debug_info    0x000060da      0x5d8 build/system_stm32f4xx.o
 .debug_info    0x000066b2      0xd63 build/usart.o
 .debug_info    0x00007415     0x189d build/stm32f4xx_hal_uart.o
 .debug_info    0x00008cb2       0x22 build/startup_stm32f407xx.o

.debug_abbrev   0x00000000     0x18db
 .debug_abbrev  0x00000000      0x293 build/main.o
 .debug_abbrev  0x00000293      0x162 build/gpio.o
 .debug_abbrev  0x000003f5      0x179 build/stm32f4xx_it.o
 .debug_abbrev  0x0000056e      0x108 build/stm32f4xx_hal_msp.o
 .debug_abbrev  0x00000676      0x28d build/stm32f4xx_hal_rcc.o
 .debug_abbrev  0x00000903      0x21c build/stm32f4xx_hal_gpio.o
 .debug_abbrev  0x00000b1f      0x2ac build/stm32f4xx_hal_dma.o
 .debug_abbrev  0x00000dcb      0x33d build/stm32f4xx_hal_cortex.o
 .debug_abbrev  0x00001108      0x1ed build/stm32f4xx_hal.o
 .debug_abbrev  0x000012f5      0x12a build/system_stm32f4xx.o
 .debug_abbrev  0x0000141f      0x1d3 build/usart.o
 .debug_abbrev  0x000015f2      0x2d7 build/stm32f4xx_hal_uart.o
 .debug_abbrev  0x000018c9       0x12 build/startup_stm32f407xx.o

.debug_loc      0x00000000     0x3ced
 .debug_loc     0x00000000       0x66 build/main.o
 .debug_loc     0x00000066       0x38 build/gpio.o
 .debug_loc     0x0000009e       0x40 build/stm32f4xx_it.o
 .debug_loc     0x000000de       0x2c build/stm32f4xx_hal_msp.o
 .debug_loc     0x0000010a      0x573 build/stm32f4xx_hal_rcc.o
 .debug_loc     0x0000067d      0x53e build/stm32f4xx_hal_gpio.o
 .debug_loc     0x00000bbb      0xc96 build/stm32f4xx_hal_dma.o
 .debug_loc     0x00001851      0x65e build/stm32f4xx_hal_cortex.o
 .debug_loc     0x00001eaf      0x1bb build/stm32f4xx_hal.o
 .debug_loc     0x0000206a      0x13e build/system_stm32f4xx.o
 .debug_loc     0x000021a8       0xf8 build/usart.o
 .debug_loc     0x000022a0     0x1a4d build/stm32f4xx_hal_uart.o

.debug_aranges  0x00000000      0x630
 .debug_aranges
                0x00000000       0x30 build/main.o
 .debug_aranges
                0x00000030       0x20 build/gpio.o
 .debug_aranges
                0x00000050       0x68 build/stm32f4xx_it.o
 .debug_aranges
                0x000000b8       0x20 build/stm32f4xx_hal_msp.o
 .debug_aranges
                0x000000d8       0x88 build/stm32f4xx_hal_rcc.o
 .debug_aranges
                0x00000160       0x58 build/stm32f4xx_hal_gpio.o
 .debug_aranges
                0x000001b8       0x90 build/stm32f4xx_hal_dma.o
 .debug_aranges
                0x00000248       0xa8 build/stm32f4xx_hal_cortex.o
 .debug_aranges
                0x000002f0       0xf0 build/stm32f4xx_hal.o
 .debug_aranges
                0x000003e0       0x28 build/system_stm32f4xx.o
 .debug_aranges
                0x00000408       0x30 build/usart.o
 .debug_aranges
                0x00000438      0x1d0 build/stm32f4xx_hal_uart.o
 .debug_aranges
                0x00000608       0x28 build/startup_stm32f407xx.o

.debug_ranges   0x00000000      0x5e0
 .debug_ranges  0x00000000       0x20 build/main.o
 .debug_ranges  0x00000020       0x10 build/gpio.o
 .debug_ranges  0x00000030       0x58 build/stm32f4xx_it.o
 .debug_ranges  0x00000088       0x10 build/stm32f4xx_hal_msp.o
 .debug_ranges  0x00000098       0x90 build/stm32f4xx_hal_rcc.o
 .debug_ranges  0x00000128       0x48 build/stm32f4xx_hal_gpio.o
 .debug_ranges  0x00000170       0x80 build/stm32f4xx_hal_dma.o
 .debug_ranges  0x000001f0       0xf8 build/stm32f4xx_hal_cortex.o
 .debug_ranges  0x000002e8       0xe0 build/stm32f4xx_hal.o
 .debug_ranges  0x000003c8       0x18 build/system_stm32f4xx.o
 .debug_ranges  0x000003e0       0x20 build/usart.o
 .debug_ranges  0x00000400      0x1c0 build/stm32f4xx_hal_uart.o
 .debug_ranges  0x000005c0       0x20 build/startup_stm32f407xx.o

.debug_line     0x00000000     0x2e43
 .debug_line    0x00000000      0x331 build/main.o
 .debug_line    0x00000331      0x1b1 build/gpio.o
 .debug_line    0x000004e2      0x275 build/stm32f4xx_it.o
 .debug_line    0x00000757      0x1a0 build/stm32f4xx_hal_msp.o
 .debug_line    0x000008f7      0x4aa build/stm32f4xx_hal_rcc.o
 .debug_line    0x00000da1      0x36e build/stm32f4xx_hal_gpio.o
 .debug_line    0x0000110f      0x50d build/stm32f4xx_hal_dma.o
 .debug_line    0x0000161c      0x432 build/stm32f4xx_hal_cortex.o
 .debug_line    0x00001a4e      0x3e8 build/stm32f4xx_hal.o
 .debug_line    0x00001e36      0x1cb build/system_stm32f4xx.o
 .debug_line    0x00002001      0x26c build/usart.o
 .debug_line    0x0000226d      0xb63 build/stm32f4xx_hal_uart.o
 .debug_line    0x00002dd0       0x73 build/startup_stm32f407xx.o

.debug_str      0x00000000     0x265b
 .debug_str     0x00000000      0xcde build/main.o
                                0xda2 (size before relaxing)
 .debug_str     0x00000cde       0x82 build/gpio.o
                                0x42f (size before relaxing)
 .debug_str     0x00000d60       0xda build/stm32f4xx_it.o
                                0x743 (size before relaxing)
 .debug_str     0x00000e3a       0x29 build/stm32f4xx_hal_msp.o
                                0x37e (size before relaxing)
 .debug_str     0x00000e63      0x208 build/stm32f4xx_hal_rcc.o
                                0x76f (size before relaxing)
 .debug_str     0x0000106b      0x122 build/stm32f4xx_hal_gpio.o
                                0x591 (size before relaxing)
 .debug_str     0x0000118d      0x310 build/stm32f4xx_hal_dma.o
                                0x817 (size before relaxing)
 .debug_str     0x0000149d      0x9f5 build/stm32f4xx_hal_cortex.o
                                0xccb (size before relaxing)
 .debug_str     0x00001e92      0x21f build/stm32f4xx_hal.o
                                0xb8c (size before relaxing)
 .debug_str     0x000020b1       0x47 build/system_stm32f4xx.o
                                0x3fa (size before relaxing)
 .debug_str     0x000020f8       0x4e build/usart.o
                                0xdb2 (size before relaxing)
 .debug_str     0x00002146      0x4f1 build/stm32f4xx_hal_uart.o
                                0xcd2 (size before relaxing)
 .debug_str     0x00002637       0x24 build/startup_stm32f407xx.o
                                 0x3b (size before relaxing)

.comment        0x00000000       0x7f
 .comment       0x00000000       0x7f build/main.o
                                 0x80 (size before relaxing)
 .comment       0x0000007f       0x80 build/gpio.o
 .comment       0x0000007f       0x80 build/stm32f4xx_it.o
 .comment       0x0000007f       0x80 build/stm32f4xx_hal_msp.o
 .comment       0x0000007f       0x80 build/stm32f4xx_hal_rcc.o
 .comment       0x0000007f       0x80 build/stm32f4xx_hal_gpio.o
 .comment       0x0000007f       0x80 build/stm32f4xx_hal_dma.o
 .comment       0x0000007f       0x80 build/stm32f4xx_hal_cortex.o
 .comment       0x0000007f       0x80 build/stm32f4xx_hal.o
 .comment       0x0000007f       0x80 build/system_stm32f4xx.o
 .comment       0x0000007f       0x80 build/usart.o
 .comment       0x0000007f       0x80 build/stm32f4xx_hal_uart.o

.debug_frame    0x00000000     0x1024
 .debug_frame   0x00000000       0x5c build/main.o
 .debug_frame   0x0000005c       0x34 build/gpio.o
 .debug_frame   0x00000090       0xc8 build/stm32f4xx_it.o
 .debug_frame   0x00000158       0x28 build/stm32f4xx_hal_msp.o
 .debug_frame   0x00000180      0x1c4 build/stm32f4xx_hal_rcc.o
 .debug_frame   0x00000344       0xf0 build/stm32f4xx_hal_gpio.o
 .debug_frame   0x00000434      0x1b8 build/stm32f4xx_hal_dma.o
 .debug_frame   0x000005ec      0x16c build/stm32f4xx_hal_cortex.o
 .debug_frame   0x00000758      0x200 build/stm32f4xx_hal.o
 .debug_frame   0x00000958       0x30 build/system_stm32f4xx.o
 .debug_frame   0x00000988       0x6c build/usart.o
 .debug_frame   0x000009f4      0x584 build/stm32f4xx_hal_uart.o
 .debug_frame   0x00000f78       0x2c d:/stm32_project/tool/7-2018-q2-update/bin/../lib/gcc/arm-none-eabi/7.3.1/../../../../arm-none-eabi/lib/thumb/v7e-m/fpv4-sp/hard\libc_nano.a(lib_a-init.o)
 .debug_frame   0x00000fa4       0x20 d:/stm32_project/tool/7-2018-q2-update/bin/../lib/gcc/arm-none-eabi/7.3.1/../../../../arm-none-eabi/lib/thumb/v7e-m/fpv4-sp/hard\libc_nano.a(lib_a-memset.o)
 .debug_frame   0x00000fc4       0x2c d:/stm32_project/tool/7-2018-q2-update/bin/../lib/gcc/arm-none-eabi/7.3.1/thumb/v7e-m/fpv4-sp/hard\libgcc.a(_aeabi_uldivmod.o)
 .debug_frame   0x00000ff0       0x34 d:/stm32_project/tool/7-2018-q2-update/bin/../lib/gcc/arm-none-eabi/7.3.1/thumb/v7e-m/fpv4-sp/hard\libgcc.a(_udivmoddi4.o)

Cross Reference Table

Symbol                                            File
ADC_IRQHandler                                    build/startup_stm32f407xx.o
AHBPrescTable                                     build/system_stm32f4xx.o
                                                  build/stm32f4xx_hal_rcc.o
APBPrescTable                                     build/system_stm32f4xx.o
                                                  build/stm32f4xx_hal_rcc.o
BusFault_Handler                                  build/stm32f4xx_it.o
CAN1_RX0_IRQHandler                               build/startup_stm32f407xx.o
CAN1_RX1_IRQHandler                               build/startup_stm32f407xx.o
CAN1_SCE_IRQHandler                               build/startup_stm32f407xx.o
CAN1_TX_IRQHandler                                build/startup_stm32f407xx.o
CAN2_RX0_IRQHandler                               build/startup_stm32f407xx.o
CAN2_RX1_IRQHandler                               build/startup_stm32f407xx.o
CAN2_SCE_IRQHandler                               build/startup_stm32f407xx.o
CAN2_TX_IRQHandler                                build/startup_stm32f407xx.o
DCMI_IRQHandler                                   build/startup_stm32f407xx.o
DMA1_Stream0_IRQHandler                           build/startup_stm32f407xx.o
DMA1_Stream1_IRQHandler                           build/startup_stm32f407xx.o
DMA1_Stream2_IRQHandler                           build/startup_stm32f407xx.o
DMA1_Stream3_IRQHandler                           build/startup_stm32f407xx.o
DMA1_Stream4_IRQHandler                           build/startup_stm32f407xx.o
DMA1_Stream5_IRQHandler                           build/startup_stm32f407xx.o
DMA1_Stream6_IRQHandler                           build/startup_stm32f407xx.o
DMA1_Stream7_IRQHandler                           build/startup_stm32f407xx.o
DMA2_Stream0_IRQHandler                           build/startup_stm32f407xx.o
DMA2_Stream1_IRQHandler                           build/startup_stm32f407xx.o
DMA2_Stream2_IRQHandler                           build/startup_stm32f407xx.o
DMA2_Stream3_IRQHandler                           build/startup_stm32f407xx.o
DMA2_Stream4_IRQHandler                           build/startup_stm32f407xx.o
DMA2_Stream5_IRQHandler                           build/startup_stm32f407xx.o
DMA2_Stream6_IRQHandler                           build/startup_stm32f407xx.o
DMA2_Stream7_IRQHandler                           build/startup_stm32f407xx.o
DebugMon_Handler                                  build/stm32f4xx_it.o
Default_Handler                                   build/startup_stm32f407xx.o
ETH_IRQHandler                                    build/startup_stm32f407xx.o
ETH_WKUP_IRQHandler                               build/startup_stm32f407xx.o
EXTI0_IRQHandler                                  build/startup_stm32f407xx.o
EXTI15_10_IRQHandler                              build/startup_stm32f407xx.o
EXTI1_IRQHandler                                  build/startup_stm32f407xx.o
EXTI2_IRQHandler                                  build/startup_stm32f407xx.o
EXTI3_IRQHandler                                  build/startup_stm32f407xx.o
EXTI4_IRQHandler                                  build/startup_stm32f407xx.o
EXTI9_5_IRQHandler                                build/startup_stm32f407xx.o
Error_Handler                                     build/main.o
                                                  build/usart.o
FLASH_Erase_Sector                                build/stm32f4xx_hal_flash_ex.o
                                                  build/stm32f4xx_hal_flash.o
FLASH_FlushCaches                                 build/stm32f4xx_hal_flash_ex.o
                                                  build/stm32f4xx_hal_flash.o
FLASH_IRQHandler                                  build/startup_stm32f407xx.o
FLASH_WaitForLastOperation                        build/stm32f4xx_hal_flash.o
                                                  build/stm32f4xx_hal_flash_ex.o
FPU_IRQHandler                                    build/startup_stm32f407xx.o
FSMC_IRQHandler                                   build/startup_stm32f407xx.o
HAL_DBGMCU_DisableDBGSleepMode                    build/stm32f4xx_hal.o
HAL_DBGMCU_DisableDBGStandbyMode                  build/stm32f4xx_hal.o
HAL_DBGMCU_DisableDBGStopMode                     build/stm32f4xx_hal.o
HAL_DBGMCU_EnableDBGSleepMode                     build/stm32f4xx_hal.o
HAL_DBGMCU_EnableDBGStandbyMode                   build/stm32f4xx_hal.o
HAL_DBGMCU_EnableDBGStopMode                      build/stm32f4xx_hal.o
HAL_DMAEx_ChangeMemory                            build/stm32f4xx_hal_dma_ex.o
HAL_DMAEx_MultiBufferStart                        build/stm32f4xx_hal_dma_ex.o
HAL_DMAEx_MultiBufferStart_IT                     build/stm32f4xx_hal_dma_ex.o
HAL_DMA_Abort                                     build/stm32f4xx_hal_dma.o
                                                  build/stm32f4xx_hal_uart.o
HAL_DMA_Abort_IT                                  build/stm32f4xx_hal_dma.o
                                                  build/stm32f4xx_hal_uart.o
HAL_DMA_DeInit                                    build/stm32f4xx_hal_dma.o
HAL_DMA_GetError                                  build/stm32f4xx_hal_dma.o
                                                  build/stm32f4xx_hal_uart.o
HAL_DMA_GetState                                  build/stm32f4xx_hal_dma.o
HAL_DMA_IRQHandler                                build/stm32f4xx_hal_dma.o
HAL_DMA_Init                                      build/stm32f4xx_hal_dma.o
HAL_DMA_PollForTransfer                           build/stm32f4xx_hal_dma.o
HAL_DMA_RegisterCallback                          build/stm32f4xx_hal_dma.o
HAL_DMA_Start                                     build/stm32f4xx_hal_dma.o
HAL_DMA_Start_IT                                  build/stm32f4xx_hal_dma.o
                                                  build/stm32f4xx_hal_uart.o
HAL_DMA_UnRegisterCallback                        build/stm32f4xx_hal_dma.o
HAL_DeInit                                        build/stm32f4xx_hal.o
HAL_Delay                                         build/stm32f4xx_hal.o
                                                  build/main.o
HAL_DisableCompensationCell                       build/stm32f4xx_hal.o
HAL_EXTI_ClearConfigLine                          build/stm32f4xx_hal_exti.o
HAL_EXTI_ClearPending                             build/stm32f4xx_hal_exti.o
HAL_EXTI_GenerateSWI                              build/stm32f4xx_hal_exti.o
HAL_EXTI_GetConfigLine                            build/stm32f4xx_hal_exti.o
HAL_EXTI_GetHandle                                build/stm32f4xx_hal_exti.o
HAL_EXTI_GetPending                               build/stm32f4xx_hal_exti.o
HAL_EXTI_IRQHandler                               build/stm32f4xx_hal_exti.o
HAL_EXTI_RegisterCallback                         build/stm32f4xx_hal_exti.o
HAL_EXTI_SetConfigLine                            build/stm32f4xx_hal_exti.o
HAL_EnableCompensationCell                        build/stm32f4xx_hal.o
HAL_FLASHEx_Erase                                 build/stm32f4xx_hal_flash_ex.o
HAL_FLASHEx_Erase_IT                              build/stm32f4xx_hal_flash_ex.o
HAL_FLASHEx_OBGetConfig                           build/stm32f4xx_hal_flash_ex.o
HAL_FLASHEx_OBProgram                             build/stm32f4xx_hal_flash_ex.o
HAL_FLASH_EndOfOperationCallback                  build/stm32f4xx_hal_flash.o
HAL_FLASH_GetError                                build/stm32f4xx_hal_flash.o
HAL_FLASH_IRQHandler                              build/stm32f4xx_hal_flash.o
HAL_FLASH_Lock                                    build/stm32f4xx_hal_flash.o
HAL_FLASH_OB_Launch                               build/stm32f4xx_hal_flash.o
HAL_FLASH_OB_Lock                                 build/stm32f4xx_hal_flash.o
HAL_FLASH_OB_Unlock                               build/stm32f4xx_hal_flash.o
HAL_FLASH_OperationErrorCallback                  build/stm32f4xx_hal_flash.o
HAL_FLASH_Program                                 build/stm32f4xx_hal_flash.o
HAL_FLASH_Program_IT                              build/stm32f4xx_hal_flash.o
HAL_FLASH_Unlock                                  build/stm32f4xx_hal_flash.o
HAL_GPIO_DeInit                                   build/stm32f4xx_hal_gpio.o
                                                  build/usart.o
HAL_GPIO_EXTI_Callback                            build/stm32f4xx_hal_gpio.o
HAL_GPIO_EXTI_IRQHandler                          build/stm32f4xx_hal_gpio.o
HAL_GPIO_Init                                     build/stm32f4xx_hal_gpio.o
                                                  build/usart.o
                                                  build/stm32f4xx_hal_rcc.o
                                                  build/gpio.o
HAL_GPIO_LockPin                                  build/stm32f4xx_hal_gpio.o
HAL_GPIO_ReadPin                                  build/stm32f4xx_hal_gpio.o
HAL_GPIO_TogglePin                                build/stm32f4xx_hal_gpio.o
                                                  build/main.o
HAL_GPIO_WritePin                                 build/stm32f4xx_hal_gpio.o
                                                  build/gpio.o
HAL_GetDEVID                                      build/stm32f4xx_hal.o
HAL_GetHalVersion                                 build/stm32f4xx_hal.o
HAL_GetREVID                                      build/stm32f4xx_hal.o
HAL_GetTick                                       build/stm32f4xx_hal.o
                                                  build/stm32f4xx_hal_uart.o
                                                  build/stm32f4xx_hal_pwr_ex.o
                                                  build/stm32f4xx_hal_dma.o
                                                  build/stm32f4xx_hal_flash.o
                                                  build/stm32f4xx_hal_rcc_ex.o
                                                  build/stm32f4xx_hal_rcc.o
HAL_GetTickFreq                                   build/stm32f4xx_hal.o
HAL_GetTickPrio                                   build/stm32f4xx_hal.o
HAL_GetUIDw0                                      build/stm32f4xx_hal.o
HAL_GetUIDw1                                      build/stm32f4xx_hal.o
HAL_GetUIDw2                                      build/stm32f4xx_hal.o
HAL_HalfDuplex_EnableReceiver                     build/stm32f4xx_hal_uart.o
HAL_HalfDuplex_EnableTransmitter                  build/stm32f4xx_hal_uart.o
HAL_HalfDuplex_Init                               build/stm32f4xx_hal_uart.o
HAL_IncTick                                       build/stm32f4xx_hal.o
                                                  build/stm32f4xx_it.o
HAL_Init                                          build/stm32f4xx_hal.o
                                                  build/main.o
HAL_InitTick                                      build/stm32f4xx_hal.o
                                                  build/stm32f4xx_hal_rcc_ex.o
                                                  build/stm32f4xx_hal_rcc.o
HAL_LIN_Init                                      build/stm32f4xx_hal_uart.o
HAL_LIN_SendBreak                                 build/stm32f4xx_hal_uart.o
HAL_MPU_ConfigRegion                              build/stm32f4xx_hal_cortex.o
HAL_MPU_Disable                                   build/stm32f4xx_hal_cortex.o
HAL_MPU_Enable                                    build/stm32f4xx_hal_cortex.o
HAL_MspDeInit                                     build/stm32f4xx_hal.o
HAL_MspInit                                       build/stm32f4xx_hal_msp.o
HAL_MultiProcessor_EnterMuteMode                  build/stm32f4xx_hal_uart.o
HAL_MultiProcessor_ExitMuteMode                   build/stm32f4xx_hal_uart.o
HAL_MultiProcessor_Init                           build/stm32f4xx_hal_uart.o
HAL_NVIC_ClearPendingIRQ                          build/stm32f4xx_hal_cortex.o
HAL_NVIC_DisableIRQ                               build/stm32f4xx_hal_cortex.o
                                                  build/usart.o
HAL_NVIC_EnableIRQ                                build/stm32f4xx_hal_cortex.o
                                                  build/usart.o
HAL_NVIC_GetActive                                build/stm32f4xx_hal_cortex.o
HAL_NVIC_GetPendingIRQ                            build/stm32f4xx_hal_cortex.o
HAL_NVIC_GetPriority                              build/stm32f4xx_hal_cortex.o
HAL_NVIC_GetPriorityGrouping                      build/stm32f4xx_hal_cortex.o
HAL_NVIC_SetPendingIRQ                            build/stm32f4xx_hal_cortex.o
HAL_NVIC_SetPriority                              build/stm32f4xx_hal_cortex.o
                                                  build/usart.o
                                                  build/stm32f4xx_hal.o
HAL_NVIC_SetPriorityGrouping                      build/stm32f4xx_hal_cortex.o
                                                  build/stm32f4xx_hal.o
HAL_NVIC_SystemReset                              build/stm32f4xx_hal_cortex.o
HAL_PWREx_ControlVoltageScaling                   build/stm32f4xx_hal_pwr_ex.o
HAL_PWREx_DisableBkUpReg                          build/stm32f4xx_hal_pwr_ex.o
HAL_PWREx_DisableFlashPowerDown                   build/stm32f4xx_hal_pwr_ex.o
HAL_PWREx_EnableBkUpReg                           build/stm32f4xx_hal_pwr_ex.o
HAL_PWREx_EnableFlashPowerDown                    build/stm32f4xx_hal_pwr_ex.o
HAL_PWREx_GetVoltageRange                         build/stm32f4xx_hal_pwr_ex.o
HAL_PWR_ConfigPVD                                 build/stm32f4xx_hal_pwr.o
HAL_PWR_DeInit                                    build/stm32f4xx_hal_pwr.o
HAL_PWR_DisableBkUpAccess                         build/stm32f4xx_hal_pwr.o
HAL_PWR_DisablePVD                                build/stm32f4xx_hal_pwr.o
HAL_PWR_DisableSEVOnPend                          build/stm32f4xx_hal_pwr.o
HAL_PWR_DisableSleepOnExit                        build/stm32f4xx_hal_pwr.o
HAL_PWR_DisableWakeUpPin                          build/stm32f4xx_hal_pwr.o
HAL_PWR_EnableBkUpAccess                          build/stm32f4xx_hal_pwr.o
HAL_PWR_EnablePVD                                 build/stm32f4xx_hal_pwr.o
HAL_PWR_EnableSEVOnPend                           build/stm32f4xx_hal_pwr.o
HAL_PWR_EnableSleepOnExit                         build/stm32f4xx_hal_pwr.o
HAL_PWR_EnableWakeUpPin                           build/stm32f4xx_hal_pwr.o
HAL_PWR_EnterSLEEPMode                            build/stm32f4xx_hal_pwr.o
HAL_PWR_EnterSTANDBYMode                          build/stm32f4xx_hal_pwr.o
HAL_PWR_EnterSTOPMode                             build/stm32f4xx_hal_pwr.o
HAL_PWR_PVDCallback                               build/stm32f4xx_hal_pwr.o
HAL_PWR_PVD_IRQHandler                            build/stm32f4xx_hal_pwr.o
HAL_RCCEx_DisablePLLI2S                           build/stm32f4xx_hal_rcc_ex.o
HAL_RCCEx_EnablePLLI2S                            build/stm32f4xx_hal_rcc_ex.o
HAL_RCCEx_GetPeriphCLKConfig                      build/stm32f4xx_hal_rcc_ex.o
HAL_RCCEx_GetPeriphCLKFreq                        build/stm32f4xx_hal_rcc_ex.o
HAL_RCCEx_PeriphCLKConfig                         build/stm32f4xx_hal_rcc_ex.o
HAL_RCC_CSSCallback                               build/stm32f4xx_hal_rcc.o
HAL_RCC_ClockConfig                               build/stm32f4xx_hal_rcc.o
                                                  build/main.o
HAL_RCC_DeInit                                    build/stm32f4xx_hal_rcc_ex.o
                                                  build/stm32f4xx_hal_rcc.o
HAL_RCC_DisableCSS                                build/stm32f4xx_hal_rcc.o
HAL_RCC_EnableCSS                                 build/stm32f4xx_hal_rcc.o
HAL_RCC_GetClockConfig                            build/stm32f4xx_hal_rcc.o
HAL_RCC_GetHCLKFreq                               build/stm32f4xx_hal_rcc.o
HAL_RCC_GetOscConfig                              build/stm32f4xx_hal_rcc.o
HAL_RCC_GetPCLK1Freq                              build/stm32f4xx_hal_rcc.o
                                                  build/stm32f4xx_hal_uart.o
HAL_RCC_GetPCLK2Freq                              build/stm32f4xx_hal_rcc.o
                                                  build/stm32f4xx_hal_uart.o
HAL_RCC_GetSysClockFreq                           build/stm32f4xx_hal_rcc.o
HAL_RCC_MCOConfig                                 build/stm32f4xx_hal_rcc.o
HAL_RCC_NMI_IRQHandler                            build/stm32f4xx_hal_rcc.o
HAL_RCC_OscConfig                                 build/stm32f4xx_hal_rcc.o
                                                  build/main.o
HAL_ResumeTick                                    build/stm32f4xx_hal.o
HAL_SYSTICK_CLKSourceConfig                       build/stm32f4xx_hal_cortex.o
HAL_SYSTICK_Callback                              build/stm32f4xx_hal_cortex.o
HAL_SYSTICK_Config                                build/stm32f4xx_hal_cortex.o
                                                  build/stm32f4xx_hal.o
HAL_SYSTICK_IRQHandler                            build/stm32f4xx_hal_cortex.o
HAL_SetTickFreq                                   build/stm32f4xx_hal.o
HAL_SuspendTick                                   build/stm32f4xx_hal.o
HAL_UART_Abort                                    build/stm32f4xx_hal_uart.o
HAL_UART_AbortCpltCallback                        build/stm32f4xx_hal_uart.o
HAL_UART_AbortReceive                             build/stm32f4xx_hal_uart.o
HAL_UART_AbortReceiveCpltCallback                 build/stm32f4xx_hal_uart.o
HAL_UART_AbortReceive_IT                          build/stm32f4xx_hal_uart.o
HAL_UART_AbortTransmit                            build/stm32f4xx_hal_uart.o
HAL_UART_AbortTransmitCpltCallback                build/stm32f4xx_hal_uart.o
HAL_UART_AbortTransmit_IT                         build/stm32f4xx_hal_uart.o
HAL_UART_Abort_IT                                 build/stm32f4xx_hal_uart.o
HAL_UART_DMAPause                                 build/stm32f4xx_hal_uart.o
HAL_UART_DMAResume                                build/stm32f4xx_hal_uart.o
HAL_UART_DMAStop                                  build/stm32f4xx_hal_uart.o
HAL_UART_DeInit                                   build/stm32f4xx_hal_uart.o
HAL_UART_ErrorCallback                            build/stm32f4xx_hal_uart.o
HAL_UART_GetError                                 build/stm32f4xx_hal_uart.o
HAL_UART_GetState                                 build/stm32f4xx_hal_uart.o
HAL_UART_IRQHandler                               build/stm32f4xx_hal_uart.o
                                                  build/stm32f4xx_it.o
HAL_UART_Init                                     build/stm32f4xx_hal_uart.o
                                                  build/usart.o
HAL_UART_MspDeInit                                build/usart.o
HAL_UART_MspInit                                  build/usart.o
HAL_UART_Receive                                  build/stm32f4xx_hal_uart.o
HAL_UART_Receive_DMA                              build/stm32f4xx_hal_uart.o
HAL_UART_Receive_IT                               build/stm32f4xx_hal_uart.o
HAL_UART_RxCpltCallback                           build/stm32f4xx_hal_uart.o
HAL_UART_RxHalfCpltCallback                       build/stm32f4xx_hal_uart.o
HAL_UART_Transmit                                 build/stm32f4xx_hal_uart.o
                                                  build/main.o
HAL_UART_Transmit_DMA                             build/stm32f4xx_hal_uart.o
HAL_UART_Transmit_IT                              build/stm32f4xx_hal_uart.o
HAL_UART_TxCpltCallback                           build/stm32f4xx_hal_uart.o
HAL_UART_TxHalfCpltCallback                       build/stm32f4xx_hal_uart.o
HASH_RNG_IRQHandler                               build/startup_stm32f407xx.o
HardFault_Handler                                 build/stm32f4xx_it.o
I2C1_ER_IRQHandler                                build/startup_stm32f407xx.o
I2C1_EV_IRQHandler                                build/startup_stm32f407xx.o
I2C2_ER_IRQHandler                                build/startup_stm32f407xx.o
I2C2_EV_IRQHandler                                build/startup_stm32f407xx.o
I2C3_ER_IRQHandler                                build/startup_stm32f407xx.o
I2C3_EV_IRQHandler                                build/startup_stm32f407xx.o
MX_GPIO_Init                                      build/gpio.o
                                                  build/main.o
MX_USART2_UART_Init                               build/usart.o
                                                  build/main.o
MemManage_Handler                                 build/stm32f4xx_it.o
NMI_Handler                                       build/stm32f4xx_it.o
OTG_FS_IRQHandler                                 build/startup_stm32f407xx.o
OTG_FS_WKUP_IRQHandler                            build/startup_stm32f407xx.o
OTG_HS_EP1_IN_IRQHandler                          build/startup_stm32f407xx.o
OTG_HS_EP1_OUT_IRQHandler                         build/startup_stm32f407xx.o
OTG_HS_IRQHandler                                 build/startup_stm32f407xx.o
OTG_HS_WKUP_IRQHandler                            build/startup_stm32f407xx.o
PVD_IRQHandler                                    build/startup_stm32f407xx.o
PendSV_Handler                                    build/stm32f4xx_it.o
RCC_IRQHandler                                    build/startup_stm32f407xx.o
RTC_Alarm_IRQHandler                              build/startup_stm32f407xx.o
RTC_WKUP_IRQHandler                               build/startup_stm32f407xx.o
Reset_Handler                                     build/startup_stm32f407xx.o
SDIO_IRQHandler                                   build/startup_stm32f407xx.o
SPI1_IRQHandler                                   build/startup_stm32f407xx.o
SPI2_IRQHandler                                   build/startup_stm32f407xx.o
SPI3_IRQHandler                                   build/startup_stm32f407xx.o
SVC_Handler                                       build/stm32f4xx_it.o
SysTick_Handler                                   build/stm32f4xx_it.o
SystemClock_Config                                build/main.o
SystemCoreClock                                   build/system_stm32f4xx.o
                                                  build/stm32f4xx_hal.o
                                                  build/stm32f4xx_hal_dma.o
                                                  build/stm32f4xx_hal_rcc_ex.o
                                                  build/stm32f4xx_hal_rcc.o
SystemCoreClockUpdate                             build/system_stm32f4xx.o
SystemInit                                        build/system_stm32f4xx.o
                                                  build/startup_stm32f407xx.o
TAMP_STAMP_IRQHandler                             build/startup_stm32f407xx.o
TIM1_BRK_TIM9_IRQHandler                          build/startup_stm32f407xx.o
TIM1_CC_IRQHandler                                build/startup_stm32f407xx.o
TIM1_TRG_COM_TIM11_IRQHandler                     build/startup_stm32f407xx.o
TIM1_UP_TIM10_IRQHandler                          build/startup_stm32f407xx.o
TIM2_IRQHandler                                   build/startup_stm32f407xx.o
TIM3_IRQHandler                                   build/startup_stm32f407xx.o
TIM4_IRQHandler                                   build/startup_stm32f407xx.o
TIM5_IRQHandler                                   build/startup_stm32f407xx.o
TIM6_DAC_IRQHandler                               build/startup_stm32f407xx.o
TIM7_IRQHandler                                   build/startup_stm32f407xx.o
TIM8_BRK_TIM12_IRQHandler                         build/startup_stm32f407xx.o
TIM8_CC_IRQHandler                                build/startup_stm32f407xx.o
TIM8_TRG_COM_TIM14_IRQHandler                     build/startup_stm32f407xx.o
TIM8_UP_TIM13_IRQHandler                          build/startup_stm32f407xx.o
UART4_IRQHandler                                  build/startup_stm32f407xx.o
UART5_IRQHandler                                  build/startup_stm32f407xx.o
USART1_IRQHandler                                 build/startup_stm32f407xx.o
USART2_IRQHandler                                 build/stm32f4xx_it.o
USART3_IRQHandler                                 build/startup_stm32f407xx.o
USART6_IRQHandler                                 build/startup_stm32f407xx.o
UsageFault_Handler                                build/stm32f4xx_it.o
WWDG_IRQHandler                                   build/startup_stm32f407xx.o
__aeabi_idiv0                                     d:/stm32_project/tool/7-2018-q2-update/bin/../lib/gcc/arm-none-eabi/7.3.1/thumb/v7e-m/fpv4-sp/hard\libgcc.a(_dvmd_tls.o)
__aeabi_ldiv0                                     d:/stm32_project/tool/7-2018-q2-update/bin/../lib/gcc/arm-none-eabi/7.3.1/thumb/v7e-m/fpv4-sp/hard\libgcc.a(_dvmd_tls.o)
                                                  d:/stm32_project/tool/7-2018-q2-update/bin/../lib/gcc/arm-none-eabi/7.3.1/thumb/v7e-m/fpv4-sp/hard\libgcc.a(_aeabi_uldivmod.o)
__aeabi_uldivmod                                  d:/stm32_project/tool/7-2018-q2-update/bin/../lib/gcc/arm-none-eabi/7.3.1/thumb/v7e-m/fpv4-sp/hard\libgcc.a(_aeabi_uldivmod.o)
                                                  build/stm32f4xx_hal_uart.o
                                                  build/stm32f4xx_hal_rcc.o
__bss_end__                                       d:/stm32_project/tool/7-2018-q2-update/bin/../lib/gcc/arm-none-eabi/7.3.1/../../../../arm-none-eabi/lib/thumb/v7e-m/fpv4-sp/hard/crt0.o
__bss_start__                                     d:/stm32_project/tool/7-2018-q2-update/bin/../lib/gcc/arm-none-eabi/7.3.1/../../../../arm-none-eabi/lib/thumb/v7e-m/fpv4-sp/hard/crt0.o
__call_exitprocs                                  d:/stm32_project/tool/7-2018-q2-update/bin/../lib/gcc/arm-none-eabi/7.3.1/../../../../arm-none-eabi/lib/thumb/v7e-m/fpv4-sp/hard\libc_nano.a(lib_a-exit.o)
__deregister_frame_info                           d:/stm32_project/tool/7-2018-q2-update/bin/../lib/gcc/arm-none-eabi/7.3.1/thumb/v7e-m/fpv4-sp/hard/crtbegin.o
__dso_handle                                      d:/stm32_project/tool/7-2018-q2-update/bin/../lib/gcc/arm-none-eabi/7.3.1/thumb/v7e-m/fpv4-sp/hard/crtbegin.o
__init_array_end                                  d:/stm32_project/tool/7-2018-q2-update/bin/../lib/gcc/arm-none-eabi/7.3.1/../../../../arm-none-eabi/lib/thumb/v7e-m/fpv4-sp/hard\libc_nano.a(lib_a-init.o)
__init_array_start                                d:/stm32_project/tool/7-2018-q2-update/bin/../lib/gcc/arm-none-eabi/7.3.1/../../../../arm-none-eabi/lib/thumb/v7e-m/fpv4-sp/hard\libc_nano.a(lib_a-init.o)
__libc_fini_array                                 d:/stm32_project/tool/7-2018-q2-update/bin/../lib/gcc/arm-none-eabi/7.3.1/../../../../arm-none-eabi/lib/thumb/v7e-m/fpv4-sp/hard/crt0.o
__libc_init_array                                 d:/stm32_project/tool/7-2018-q2-update/bin/../lib/gcc/arm-none-eabi/7.3.1/../../../../arm-none-eabi/lib/thumb/v7e-m/fpv4-sp/hard\libc_nano.a(lib_a-init.o)
                                                  build/startup_stm32f407xx.o
                                                  d:/stm32_project/tool/7-2018-q2-update/bin/../lib/gcc/arm-none-eabi/7.3.1/../../../../arm-none-eabi/lib/thumb/v7e-m/fpv4-sp/hard/crt0.o
__preinit_array_end                               d:/stm32_project/tool/7-2018-q2-update/bin/../lib/gcc/arm-none-eabi/7.3.1/../../../../arm-none-eabi/lib/thumb/v7e-m/fpv4-sp/hard\libc_nano.a(lib_a-init.o)
__preinit_array_start                             d:/stm32_project/tool/7-2018-q2-update/bin/../lib/gcc/arm-none-eabi/7.3.1/../../../../arm-none-eabi/lib/thumb/v7e-m/fpv4-sp/hard\libc_nano.a(lib_a-init.o)
__register_frame_info                             d:/stm32_project/tool/7-2018-q2-update/bin/../lib/gcc/arm-none-eabi/7.3.1/thumb/v7e-m/fpv4-sp/hard/crtbegin.o
__sf_fake_stderr                                  d:/stm32_project/tool/7-2018-q2-update/bin/../lib/gcc/arm-none-eabi/7.3.1/../../../../arm-none-eabi/lib/thumb/v7e-m/fpv4-sp/hard\libc_nano.a(lib_a-impure.o)
__sf_fake_stdin                                   d:/stm32_project/tool/7-2018-q2-update/bin/../lib/gcc/arm-none-eabi/7.3.1/../../../../arm-none-eabi/lib/thumb/v7e-m/fpv4-sp/hard\libc_nano.a(lib_a-impure.o)
__sf_fake_stdout                                  d:/stm32_project/tool/7-2018-q2-update/bin/../lib/gcc/arm-none-eabi/7.3.1/../../../../arm-none-eabi/lib/thumb/v7e-m/fpv4-sp/hard\libc_nano.a(lib_a-impure.o)
__stack                                           d:/stm32_project/tool/7-2018-q2-update/bin/../lib/gcc/arm-none-eabi/7.3.1/../../../../arm-none-eabi/lib/thumb/v7e-m/fpv4-sp/hard/crt0.o
__udivmoddi4                                      d:/stm32_project/tool/7-2018-q2-update/bin/../lib/gcc/arm-none-eabi/7.3.1/thumb/v7e-m/fpv4-sp/hard\libgcc.a(_udivmoddi4.o)
                                                  d:/stm32_project/tool/7-2018-q2-update/bin/../lib/gcc/arm-none-eabi/7.3.1/thumb/v7e-m/fpv4-sp/hard\libgcc.a(_aeabi_uldivmod.o)
_ebss                                             build/startup_stm32f407xx.o
_edata                                            build/startup_stm32f407xx.o
_estack                                           build/startup_stm32f407xx.o
_exit                                             d:/stm32_project/tool/7-2018-q2-update/bin/../lib/gcc/arm-none-eabi/7.3.1/../../../../arm-none-eabi/lib/thumb/v7e-m/fpv4-sp/hard\libnosys.a(_exit.o)
                                                  d:/stm32_project/tool/7-2018-q2-update/bin/../lib/gcc/arm-none-eabi/7.3.1/../../../../arm-none-eabi/lib/thumb/v7e-m/fpv4-sp/hard\libc_nano.a(lib_a-exit.o)
_fini                                             d:/stm32_project/tool/7-2018-q2-update/bin/../lib/gcc/arm-none-eabi/7.3.1/thumb/v7e-m/fpv4-sp/hard/crti.o
_global_impure_ptr                                d:/stm32_project/tool/7-2018-q2-update/bin/../lib/gcc/arm-none-eabi/7.3.1/../../../../arm-none-eabi/lib/thumb/v7e-m/fpv4-sp/hard\libc_nano.a(lib_a-impure.o)
                                                  d:/stm32_project/tool/7-2018-q2-update/bin/../lib/gcc/arm-none-eabi/7.3.1/../../../../arm-none-eabi/lib/thumb/v7e-m/fpv4-sp/hard\libc_nano.a(lib_a-exit.o)
_impure_ptr                                       d:/stm32_project/tool/7-2018-q2-update/bin/../lib/gcc/arm-none-eabi/7.3.1/../../../../arm-none-eabi/lib/thumb/v7e-m/fpv4-sp/hard\libc_nano.a(lib_a-impure.o)
_init                                             d:/stm32_project/tool/7-2018-q2-update/bin/../lib/gcc/arm-none-eabi/7.3.1/thumb/v7e-m/fpv4-sp/hard/crti.o
                                                  d:/stm32_project/tool/7-2018-q2-update/bin/../lib/gcc/arm-none-eabi/7.3.1/../../../../arm-none-eabi/lib/thumb/v7e-m/fpv4-sp/hard\libc_nano.a(lib_a-init.o)
_mainCRTStartup                                   d:/stm32_project/tool/7-2018-q2-update/bin/../lib/gcc/arm-none-eabi/7.3.1/../../../../arm-none-eabi/lib/thumb/v7e-m/fpv4-sp/hard/crt0.o
_sbss                                             build/startup_stm32f407xx.o
_sdata                                            build/startup_stm32f407xx.o
_sidata                                           build/startup_stm32f407xx.o
_start                                            d:/stm32_project/tool/7-2018-q2-update/bin/../lib/gcc/arm-none-eabi/7.3.1/../../../../arm-none-eabi/lib/thumb/v7e-m/fpv4-sp/hard/crt0.o
atexit                                            d:/stm32_project/tool/7-2018-q2-update/bin/../lib/gcc/arm-none-eabi/7.3.1/../../../../arm-none-eabi/lib/thumb/v7e-m/fpv4-sp/hard/crt0.o
exit                                              d:/stm32_project/tool/7-2018-q2-update/bin/../lib/gcc/arm-none-eabi/7.3.1/../../../../arm-none-eabi/lib/thumb/v7e-m/fpv4-sp/hard\libc_nano.a(lib_a-exit.o)
                                                  d:/stm32_project/tool/7-2018-q2-update/bin/../lib/gcc/arm-none-eabi/7.3.1/../../../../arm-none-eabi/lib/thumb/v7e-m/fpv4-sp/hard/crt0.o
g_pfnVectors                                      build/startup_stm32f407xx.o
hardware_init_hook                                d:/stm32_project/tool/7-2018-q2-update/bin/../lib/gcc/arm-none-eabi/7.3.1/../../../../arm-none-eabi/lib/thumb/v7e-m/fpv4-sp/hard/crt0.o
huart2                                            build/usart.o
                                                  build/stm32f4xx_it.o
                                                  build/main.o
main                                              build/main.o
                                                  build/startup_stm32f407xx.o
                                                  d:/stm32_project/tool/7-2018-q2-update/bin/../lib/gcc/arm-none-eabi/7.3.1/../../../../arm-none-eabi/lib/thumb/v7e-m/fpv4-sp/hard/crt0.o
memset                                            d:/stm32_project/tool/7-2018-q2-update/bin/../lib/gcc/arm-none-eabi/7.3.1/../../../../arm-none-eabi/lib/thumb/v7e-m/fpv4-sp/hard\libc_nano.a(lib_a-memset.o)
                                                  build/main.o
                                                  d:/stm32_project/tool/7-2018-q2-update/bin/../lib/gcc/arm-none-eabi/7.3.1/../../../../arm-none-eabi/lib/thumb/v7e-m/fpv4-sp/hard/crt0.o
pFlash                                            build/stm32f4xx_hal_flash.o
                                                  build/stm32f4xx_hal_flash_ex.o
software_init_hook                                d:/stm32_project/tool/7-2018-q2-update/bin/../lib/gcc/arm-none-eabi/7.3.1/../../../../arm-none-eabi/lib/thumb/v7e-m/fpv4-sp/hard/crt0.o
uwTick                                            build/stm32f4xx_hal.o
uwTickFreq                                        build/stm32f4xx_hal.o
uwTickPrio                                        build/stm32f4xx_hal.o
                                                  build/stm32f4xx_hal_rcc_ex.o
                                                  build/stm32f4xx_hal_rcc.o
