Archive member included to satisfy reference by file (symbol)

d:/stm32_project/tool/7-2018-q2-update/bin/../lib/gcc/arm-none-eabi/7.3.1/../../../../arm-none-eabi/lib/thumb/v7e-m/fpv4-sp/hard\libc_nano.a(lib_a-exit.o)
                              d:/stm32_project/tool/7-2018-q2-update/bin/../lib/gcc/arm-none-eabi/7.3.1/../../../../arm-none-eabi/lib/thumb/v7e-m/fpv4-sp/hard/crt0.o (exit)
d:/stm32_project/tool/7-2018-q2-update/bin/../lib/gcc/arm-none-eabi/7.3.1/../../../../arm-none-eabi/lib/thumb/v7e-m/fpv4-sp/hard\libc_nano.a(lib_a-impure.o)
                              d:/stm32_project/tool/7-2018-q2-update/bin/../lib/gcc/arm-none-eabi/7.3.1/../../../../arm-none-eabi/lib/thumb/v7e-m/fpv4-sp/hard\libc_nano.a(lib_a-exit.o) (_global_impure_ptr)
d:/stm32_project/tool/7-2018-q2-update/bin/../lib/gcc/arm-none-eabi/7.3.1/../../../../arm-none-eabi/lib/thumb/v7e-m/fpv4-sp/hard\libc_nano.a(lib_a-init.o)
                              d:/stm32_project/tool/7-2018-q2-update/bin/../lib/gcc/arm-none-eabi/7.3.1/../../../../arm-none-eabi/lib/thumb/v7e-m/fpv4-sp/hard/crt0.o (__libc_init_array)
d:/stm32_project/tool/7-2018-q2-update/bin/../lib/gcc/arm-none-eabi/7.3.1/../../../../arm-none-eabi/lib/thumb/v7e-m/fpv4-sp/hard\libc_nano.a(lib_a-malloc.o)
                              build/usbd_cdc.o (malloc)
d:/stm32_project/tool/7-2018-q2-update/bin/../lib/gcc/arm-none-eabi/7.3.1/../../../../arm-none-eabi/lib/thumb/v7e-m/fpv4-sp/hard\libc_nano.a(lib_a-memset.o)
                              d:/stm32_project/tool/7-2018-q2-update/bin/../lib/gcc/arm-none-eabi/7.3.1/../../../../arm-none-eabi/lib/thumb/v7e-m/fpv4-sp/hard/crt0.o (memset)
d:/stm32_project/tool/7-2018-q2-update/bin/../lib/gcc/arm-none-eabi/7.3.1/../../../../arm-none-eabi/lib/thumb/v7e-m/fpv4-sp/hard\libc_nano.a(lib_a-nano-freer.o)
                              d:/stm32_project/tool/7-2018-q2-update/bin/../lib/gcc/arm-none-eabi/7.3.1/../../../../arm-none-eabi/lib/thumb/v7e-m/fpv4-sp/hard\libc_nano.a(lib_a-malloc.o) (_free_r)
d:/stm32_project/tool/7-2018-q2-update/bin/../lib/gcc/arm-none-eabi/7.3.1/../../../../arm-none-eabi/lib/thumb/v7e-m/fpv4-sp/hard\libc_nano.a(lib_a-nano-mallocr.o)
                              d:/stm32_project/tool/7-2018-q2-update/bin/../lib/gcc/arm-none-eabi/7.3.1/../../../../arm-none-eabi/lib/thumb/v7e-m/fpv4-sp/hard\libc_nano.a(lib_a-malloc.o) (_malloc_r)
d:/stm32_project/tool/7-2018-q2-update/bin/../lib/gcc/arm-none-eabi/7.3.1/../../../../arm-none-eabi/lib/thumb/v7e-m/fpv4-sp/hard\libc_nano.a(lib_a-sbrkr.o)
                              d:/stm32_project/tool/7-2018-q2-update/bin/../lib/gcc/arm-none-eabi/7.3.1/../../../../arm-none-eabi/lib/thumb/v7e-m/fpv4-sp/hard\libc_nano.a(lib_a-nano-mallocr.o) (_sbrk_r)
d:/stm32_project/tool/7-2018-q2-update/bin/../lib/gcc/arm-none-eabi/7.3.1/../../../../arm-none-eabi/lib/thumb/v7e-m/fpv4-sp/hard\libc_nano.a(lib_a-mlock.o)
                              d:/stm32_project/tool/7-2018-q2-update/bin/../lib/gcc/arm-none-eabi/7.3.1/../../../../arm-none-eabi/lib/thumb/v7e-m/fpv4-sp/hard\libc_nano.a(lib_a-nano-freer.o) (__malloc_lock)
d:/stm32_project/tool/7-2018-q2-update/bin/../lib/gcc/arm-none-eabi/7.3.1/../../../../arm-none-eabi/lib/thumb/v7e-m/fpv4-sp/hard\libc_nano.a(lib_a-reent.o)
                              d:/stm32_project/tool/7-2018-q2-update/bin/../lib/gcc/arm-none-eabi/7.3.1/../../../../arm-none-eabi/lib/thumb/v7e-m/fpv4-sp/hard\libc_nano.a(lib_a-sbrkr.o) (errno)
d:/stm32_project/tool/7-2018-q2-update/bin/../lib/gcc/arm-none-eabi/7.3.1/../../../../arm-none-eabi/lib/thumb/v7e-m/fpv4-sp/hard\libnosys.a(sbrk.o)
                              d:/stm32_project/tool/7-2018-q2-update/bin/../lib/gcc/arm-none-eabi/7.3.1/../../../../arm-none-eabi/lib/thumb/v7e-m/fpv4-sp/hard\libc_nano.a(lib_a-sbrkr.o) (_sbrk)
d:/stm32_project/tool/7-2018-q2-update/bin/../lib/gcc/arm-none-eabi/7.3.1/../../../../arm-none-eabi/lib/thumb/v7e-m/fpv4-sp/hard\libnosys.a(_exit.o)
                              d:/stm32_project/tool/7-2018-q2-update/bin/../lib/gcc/arm-none-eabi/7.3.1/../../../../arm-none-eabi/lib/thumb/v7e-m/fpv4-sp/hard\libc_nano.a(lib_a-exit.o) (_exit)
d:/stm32_project/tool/7-2018-q2-update/bin/../lib/gcc/arm-none-eabi/7.3.1/thumb/v7e-m/fpv4-sp/hard\libgcc.a(_aeabi_uldivmod.o)
                              build/stm32f4xx_hal_rcc.o (__aeabi_uldivmod)
d:/stm32_project/tool/7-2018-q2-update/bin/../lib/gcc/arm-none-eabi/7.3.1/thumb/v7e-m/fpv4-sp/hard\libgcc.a(_udivmoddi4.o)
                              d:/stm32_project/tool/7-2018-q2-update/bin/../lib/gcc/arm-none-eabi/7.3.1/thumb/v7e-m/fpv4-sp/hard\libgcc.a(_aeabi_uldivmod.o) (__udivmoddi4)
d:/stm32_project/tool/7-2018-q2-update/bin/../lib/gcc/arm-none-eabi/7.3.1/thumb/v7e-m/fpv4-sp/hard\libgcc.a(_dvmd_tls.o)
                              d:/stm32_project/tool/7-2018-q2-update/bin/../lib/gcc/arm-none-eabi/7.3.1/thumb/v7e-m/fpv4-sp/hard\libgcc.a(_aeabi_uldivmod.o) (__aeabi_ldiv0)

Allocating common symbols
Common symbol       size              file

[...]
Memory Configuration

Name             Origin             Length             Attributes
RAM              0x20000000         0x00020000         xrw
CCMRAM           0x10000000         0x00010000         xrw
FLASH            0x08000000         0x00100000         xr
*default*        0x00000000         0xffffffff

Linker script and memory map

LOAD d:/stm32_project/tool/7-2018-q2-update/bin/../lib/gcc/arm-none-eabi/7.3.1/thumb/v7e-m/fpv4-sp/hard/crti.o
LOAD d:/stm32_project/tool/7-2018-q2-update/bin/../lib/gcc/arm-none-eabi/7.3.1/thumb/v7e-m/fpv4-sp/hard/crtbegin.o
LOAD d:/stm32_project/tool/7-2018-q2-update/bin/../lib/gcc/arm-none-eabi/7.3.1/../../../../arm-none-eabi/lib/thumb/v7e-m/fpv4-sp/hard/crt0.o
LOAD build/main.o
LOAD build/gpio.o
LOAD build/stm32f4xx_it.o
LOAD build/stm32f4xx_hal_msp.o
LOAD build/stm32f4xx_hal_tim.o
LOAD build/stm32f4xx_hal_tim_ex.o
LOAD build/stm32f4xx_hal_rcc.o
LOAD build/stm32f4xx_hal_rcc_ex.o
LOAD build/stm32f4xx_hal_flash.o
LOAD build/stm32f4xx_hal_flash_ex.o
LOAD build/stm32f4xx_hal_flash_ramfunc.o
LOAD build/stm32f4xx_hal_gpio.o
LOAD build/stm32f4xx_hal_dma_ex.o
LOAD build/stm32f4xx_hal_dma.o
LOAD build/stm32f4xx_hal_pwr.o
LOAD build/stm32f4xx_hal_pwr_ex.o
LOAD build/stm32f4xx_hal_cortex.o
LOAD build/stm32f4xx_hal.o
LOAD build/stm32f4xx_hal_exti.o
LOAD build/system_stm32f4xx.o
LOAD build/usb_device.o
LOAD build/usbd_desc.o
LOAD build/usbd_cdc_if.o
LOAD build/usbd_conf.o
LOAD build/stm32f4xx_hal_pcd.o
LOAD build/stm32f4xx_hal_pcd_ex.o
LOAD build/stm32f4xx_ll_usb.o
LOAD build/usbd_core.o
LOAD build/usbd_ctlreq.o
LOAD build/usbd_ioreq.o
LOAD build/usbd_cdc.o
LOAD build/startup_stm32f407xx.o
LOAD d:/stm32_project/tool/7-2018-q2-update/bin/../lib/gcc/arm-none-eabi/7.3.1/../../../../arm-none-eabi/lib/thumb/v7e-m/fpv4-sp/hard\libc_nano.a
LOAD d:/stm32_project/tool/7-2018-q2-update/bin/../lib/gcc/arm-none-eabi/7.3.1/../../../../arm-none-eabi/lib/thumb/v7e-m/fpv4-sp/hard\libm.a
LOAD d:/stm32_project/tool/7-2018-q2-update/bin/../lib/gcc/arm-none-eabi/7.3.1/../../../../arm-none-eabi/lib/thumb/v7e-m/fpv4-sp/hard\libnosys.a
START GROUP
LOAD d:/stm32_project/tool/7-2018-q2-update/bin/../lib/gcc/arm-none-eabi/7.3.1/thumb/v7e-m/fpv4-sp/hard\libgcc.a
LOAD d:/stm32_project/tool/7-2018-q2-update/bin/../lib/gcc/arm-none-eabi/7.3.1/../../../../arm-none-eabi/lib/thumb/v7e-m/fpv4-sp/hard\libc_nano.a
END GROUP
START GROUP
LOAD d:/stm32_project/tool/7-2018-q2-update/bin/../lib/gcc/arm-none-eabi/7.3.1/thumb/v7e-m/fpv4-sp/hard\libgcc.a
LOAD d:/stm32_project/tool/7-2018-q2-update/bin/../lib/gcc/arm-none-eabi/7.3.1/../../../../arm-none-eabi/lib/thumb/v7e-m/fpv4-sp/hard\libc_nano.a
END GROUP
LOAD d:/stm32_project/tool/7-2018-q2-update/bin/../lib/gcc/arm-none-eabi/7.3.1/thumb/v7e-m/fpv4-sp/hard/crtend.o
LOAD d:/stm32_project/tool/7-2018-q2-update/bin/../lib/gcc/arm-none-eabi/7.3.1/thumb/v7e-m/fpv4-sp/hard/crtn.o
                0x20020000                _estack = 0x20020000
                0x00000200                _Min_Heap_Size = 0x200
                0x00000400                _Min_Stack_Size = 0x400

.isr_vector     0x08000000      0x188
                0x08000000                . = ALIGN (0x4)
 *(.isr_vector)
 .isr_vector    0x08000000      0x188 build/startup_stm32f407xx.o
                0x08000000                g_pfnVectors
                0x08000188                . = ALIGN (0x4)

.text           0x08000188     0x39a0
                0x08000188                . = ALIGN (0x4)
 *(.text)
 .text          0x08000188       0x40 d:/stm32_project/tool/7-2018-q2-update/bin/../lib/gcc/arm-none-eabi/7.3.1/thumb/v7e-m/fpv4-sp/hard/crtbegin.o
 .text          0x080001c8       0x30 d:/stm32_project/tool/7-2018-q2-update/bin/../lib/gcc/arm-none-eabi/7.3.1/thumb/v7e-m/fpv4-sp/hard\libgcc.a(_aeabi_uldivmod.o)
                0x080001c8                __aeabi_uldivmod
 .text          0x080001f8      0x2cc d:/stm32_project/tool/7-2018-q2-update/bin/../lib/gcc/arm-none-eabi/7.3.1/thumb/v7e-m/fpv4-sp/hard\libgcc.a(_udivmoddi4.o)
                0x080001f8                __udivmoddi4
 .text          0x080004c4        0x4 d:/stm32_project/tool/7-2018-q2-update/bin/../lib/gcc/arm-none-eabi/7.3.1/thumb/v7e-m/fpv4-sp/hard\libgcc.a(_dvmd_tls.o)
                0x080004c4                __aeabi_idiv0
                0x080004c4                __aeabi_ldiv0
 *(.text*)
 .text.Error_Handler
                0x080004c8        0x4 build/main.o
                0x080004c8                Error_Handler
 .text.SystemClock_Config
                0x080004cc       0xa4 build/main.o
                0x080004cc                SystemClock_Config
 .text.main     0x08000570       0x5c build/main.o
                0x08000570                main
 .text.MX_GPIO_Init
                0x080005cc       0x94 build/gpio.o
                0x080005cc                MX_GPIO_Init
 .text.NMI_Handler
                0x08000660        0x2 build/stm32f4xx_it.o
                0x08000660                NMI_Handler
 .text.HardFault_Handler
                0x08000662        0x2 build/stm32f4xx_it.o
                0x08000662                HardFault_Handler
 .text.MemManage_Handler
                0x08000664        0x2 build/stm32f4xx_it.o
                0x08000664                MemManage_Handler
 .text.BusFault_Handler
                0x08000666        0x2 build/stm32f4xx_it.o
                0x08000666                BusFault_Handler
 .text.UsageFault_Handler
                0x08000668        0x2 build/stm32f4xx_it.o
                0x08000668                UsageFault_Handler
 .text.SVC_Handler
                0x0800066a        0x2 build/stm32f4xx_it.o
                0x0800066a                SVC_Handler
 .text.DebugMon_Handler
                0x0800066c        0x2 build/stm32f4xx_it.o
                0x0800066c                DebugMon_Handler
 .text.PendSV_Handler
                0x0800066e        0x2 build/stm32f4xx_it.o
                0x0800066e                PendSV_Handler
 .text.SysTick_Handler
                0x08000670        0x8 build/stm32f4xx_it.o
                0x08000670                SysTick_Handler
 .text.OTG_FS_IRQHandler
                0x08000678       0x10 build/stm32f4xx_it.o
                0x08000678                OTG_FS_IRQHandler
 .text.HAL_MspInit
                0x08000688       0x38 build/stm32f4xx_hal_msp.o
                0x08000688                HAL_MspInit
 .text.HAL_RCC_OscConfig
                0x080006c0      0x3ec build/stm32f4xx_hal_rcc.o
                0x080006c0                HAL_RCC_OscConfig
 .text.HAL_RCC_GetSysClockFreq
                0x08000aac       0xa8 build/stm32f4xx_hal_rcc.o
                0x08000aac                HAL_RCC_GetSysClockFreq
 .text.HAL_RCC_ClockConfig
                0x08000b54      0x160 build/stm32f4xx_hal_rcc.o
                0x08000b54                HAL_RCC_ClockConfig
 .text.HAL_RCC_GetHCLKFreq
                0x08000cb4        0xc build/stm32f4xx_hal_rcc.o
                0x08000cb4                HAL_RCC_GetHCLKFreq
 .text.HAL_GPIO_Init
                0x08000cc0      0x1c8 build/stm32f4xx_hal_gpio.o
                0x08000cc0                HAL_GPIO_Init
 .text.HAL_GPIO_WritePin
                0x08000e88        0xc build/stm32f4xx_hal_gpio.o
                0x08000e88                HAL_GPIO_WritePin
 .text.HAL_GPIO_TogglePin
                0x08000e94       0x12 build/stm32f4xx_hal_gpio.o
                0x08000e94                HAL_GPIO_TogglePin
 *fill*         0x08000ea6        0x2 
 .text.HAL_NVIC_SetPriorityGrouping
                0x08000ea8       0x24 build/stm32f4xx_hal_cortex.o
                0x08000ea8                HAL_NVIC_SetPriorityGrouping
 .text.HAL_NVIC_SetPriority
                0x08000ecc       0x68 build/stm32f4xx_hal_cortex.o
                0x08000ecc                HAL_NVIC_SetPriority
 .text.HAL_NVIC_EnableIRQ
                0x08000f34       0x1c build/stm32f4xx_hal_cortex.o
                0x08000f34                HAL_NVIC_EnableIRQ
 .text.HAL_SYSTICK_Config
                0x08000f50       0x2c build/stm32f4xx_hal_cortex.o
                0x08000f50                HAL_SYSTICK_Config
 .text.HAL_InitTick
                0x08000f7c       0x4c build/stm32f4xx_hal.o
                0x08000f7c                HAL_InitTick
 .text.HAL_Init
                0x08000fc8       0x34 build/stm32f4xx_hal.o
                0x08000fc8                HAL_Init
 .text.HAL_IncTick
                0x08000ffc       0x18 build/stm32f4xx_hal.o
                0x08000ffc                HAL_IncTick
 .text.HAL_GetTick
                0x08001014        0xc build/stm32f4xx_hal.o
                0x08001014                HAL_GetTick
 .text.HAL_Delay
                0x08001020       0x28 build/stm32f4xx_hal.o
                0x08001020                HAL_Delay
 .text.SystemInit
                0x08001048       0x1c build/system_stm32f4xx.o
                0x08001048                SystemInit
 .text.MX_USB_DEVICE_Init
                0x08001064       0x54 build/usb_device.o
                0x08001064                MX_USB_DEVICE_Init
 .text.USBD_FS_DeviceDescriptor
                0x080010b8        0xc build/usbd_desc.o
                0x080010b8                USBD_FS_DeviceDescriptor
 .text.USBD_FS_LangIDStrDescriptor
                0x080010c4        0xc build/usbd_desc.o
                0x080010c4                USBD_FS_LangIDStrDescriptor
 .text.IntToUnicode
                0x080010d0       0x36 build/usbd_desc.o
 *fill*         0x08001106        0x2 
 .text.Get_SerialNum
                0x08001108       0x34 build/usbd_desc.o
 .text.USBD_FS_SerialStrDescriptor
                0x0800113c       0x14 build/usbd_desc.o
                0x0800113c                USBD_FS_SerialStrDescriptor
 .text.USBD_FS_ProductStrDescriptor
                0x08001150       0x24 build/usbd_desc.o
                0x08001150                USBD_FS_ProductStrDescriptor
 .text.USBD_FS_ManufacturerStrDescriptor
                0x08001174       0x1c build/usbd_desc.o
                0x08001174                USBD_FS_ManufacturerStrDescriptor
 .text.USBD_FS_ConfigStrDescriptor
                0x08001190       0x24 build/usbd_desc.o
                0x08001190                USBD_FS_ConfigStrDescriptor
 .text.USBD_FS_InterfaceStrDescriptor
                0x080011b4       0x24 build/usbd_desc.o
                0x080011b4                USBD_FS_InterfaceStrDescriptor
 .text.CDC_DeInit_FS
                0x080011d8        0x4 build/usbd_cdc_if.o
 .text.CDC_Control_FS
                0x080011dc        0x4 build/usbd_cdc_if.o
 .text.CDC_TransmitCplt_FS
                0x080011e0        0x4 build/usbd_cdc_if.o
 .text.CDC_Receive_FS
                0x080011e4       0x1c build/usbd_cdc_if.o
 .text.CDC_Init_FS
                0x08001200       0x28 build/usbd_cdc_if.o
 .text.CDC_Transmit_FS
                0x08001228       0x2c build/usbd_cdc_if.o
                0x08001228                CDC_Transmit_FS
 .text.HAL_PCD_MspInit
                0x08001254       0x84 build/usbd_conf.o
                0x08001254                HAL_PCD_MspInit
 .text.HAL_PCD_SetupStageCallback
                0x080012d8       0x10 build/usbd_conf.o
                0x080012d8                HAL_PCD_SetupStageCallback
 .text.HAL_PCD_DataOutStageCallback
                0x080012e8       0x18 build/usbd_conf.o
                0x080012e8                HAL_PCD_DataOutStageCallback
 .text.HAL_PCD_DataInStageCallback
                0x08001300       0x16 build/usbd_conf.o
                0x08001300                HAL_PCD_DataInStageCallback
 .text.HAL_PCD_SOFCallback
                0x08001316        0xc build/usbd_conf.o
                0x08001316                HAL_PCD_SOFCallback
 .text.HAL_PCD_ResetCallback
                0x08001322       0x2c build/usbd_conf.o
                0x08001322                HAL_PCD_ResetCallback
 *fill*         0x0800134e        0x2 
 .text.HAL_PCD_SuspendCallback
                0x08001350       0x30 build/usbd_conf.o
                0x08001350                HAL_PCD_SuspendCallback
 .text.HAL_PCD_ResumeCallback
                0x08001380        0xc build/usbd_conf.o
                0x08001380                HAL_PCD_ResumeCallback
 .text.HAL_PCD_ISOOUTIncompleteCallback
                0x0800138c        0xc build/usbd_conf.o
                0x0800138c                HAL_PCD_ISOOUTIncompleteCallback
 .text.HAL_PCD_ISOINIncompleteCallback
                0x08001398        0xc build/usbd_conf.o
                0x08001398                HAL_PCD_ISOINIncompleteCallback
 .text.HAL_PCD_ConnectCallback
                0x080013a4        0xc build/usbd_conf.o
                0x080013a4                HAL_PCD_ConnectCallback
 .text.HAL_PCD_DisconnectCallback
                0x080013b0        0xc build/usbd_conf.o
                0x080013b0                HAL_PCD_DisconnectCallback
 .text.USBD_LL_Init
                0x080013bc       0x68 build/usbd_conf.o
                0x080013bc                USBD_LL_Init
 .text.USBD_LL_IsStallEP
                0x08001424       0x2e build/usbd_conf.o
                0x08001424                USBD_LL_IsStallEP
 .text.USBD_LL_GetRxDataSize
                0x08001452        0xc build/usbd_conf.o
                0x08001452                USBD_LL_GetRxDataSize
 .text.USBD_Get_USB_Status
                0x0800145e       0x12 build/usbd_conf.o
                0x0800145e                USBD_Get_USB_Status
 .text.USBD_LL_Start
                0x08001470       0x10 build/usbd_conf.o
                0x08001470                USBD_LL_Start
 .text.USBD_LL_OpenEP
                0x08001480       0x16 build/usbd_conf.o
                0x08001480                USBD_LL_OpenEP
 .text.USBD_LL_CloseEP
                0x08001496       0x10 build/usbd_conf.o
                0x08001496                USBD_LL_CloseEP
 .text.USBD_LL_StallEP
                0x080014a6       0x10 build/usbd_conf.o
                0x080014a6                USBD_LL_StallEP
 .text.USBD_LL_ClearStallEP
                0x080014b6       0x10 build/usbd_conf.o
                0x080014b6                USBD_LL_ClearStallEP
 .text.USBD_LL_SetUSBAddress
                0x080014c6       0x10 build/usbd_conf.o
                0x080014c6                USBD_LL_SetUSBAddress
 .text.USBD_LL_Transmit
                0x080014d6       0x10 build/usbd_conf.o
                0x080014d6                USBD_LL_Transmit
 .text.USBD_LL_PrepareReceive
                0x080014e6       0x10 build/usbd_conf.o
                0x080014e6                USBD_LL_PrepareReceive
 .text.PCD_WriteEmptyTxFifo
                0x080014f6       0xd4 build/stm32f4xx_hal_pcd.o
 .text.HAL_PCD_Init
                0x080015ca      0x122 build/stm32f4xx_hal_pcd.o
                0x080015ca                HAL_PCD_Init
 .text.HAL_PCD_Start
                0x080016ec       0x42 build/stm32f4xx_hal_pcd.o
                0x080016ec                HAL_PCD_Start
 *fill*         0x0800172e        0x2 
 .text.PCD_EP_OutXfrComplete_int
                0x08001730      0x100 build/stm32f4xx_hal_pcd.o
 .text.PCD_EP_OutSetupPacket_int
                0x08001830       0x50 build/stm32f4xx_hal_pcd.o
 .text.HAL_PCD_IRQHandler
                0x08001880      0x4a6 build/stm32f4xx_hal_pcd.o
                0x08001880                HAL_PCD_IRQHandler
 .text.HAL_PCD_SetAddress
                0x08001d26       0x28 build/stm32f4xx_hal_pcd.o
                0x08001d26                HAL_PCD_SetAddress
 .text.HAL_PCD_EP_Open
                0x08001d4e       0x82 build/stm32f4xx_hal_pcd.o
                0x08001d4e                HAL_PCD_EP_Open
 .text.HAL_PCD_EP_Close
                0x08001dd0       0x6e build/stm32f4xx_hal_pcd.o
                0x08001dd0                HAL_PCD_EP_Close
 .text.HAL_PCD_EP_Receive
                0x08001e3e       0x5c build/stm32f4xx_hal_pcd.o
                0x08001e3e                HAL_PCD_EP_Receive
 .text.HAL_PCD_EP_GetRxCount
                0x08001e9a       0x12 build/stm32f4xx_hal_pcd.o
                0x08001e9a                HAL_PCD_EP_GetRxCount
 .text.HAL_PCD_EP_Transmit
                0x08001eac       0x54 build/stm32f4xx_hal_pcd.o
                0x08001eac                HAL_PCD_EP_Transmit
 .text.HAL_PCD_EP_SetStall
                0x08001f00       0x82 build/stm32f4xx_hal_pcd.o
                0x08001f00                HAL_PCD_EP_SetStall
 .text.HAL_PCD_EP_ClrStall
                0x08001f82       0x6e build/stm32f4xx_hal_pcd.o
                0x08001f82                HAL_PCD_EP_ClrStall
 .text.HAL_PCDEx_SetTxFiFo
                0x08001ff0       0x48 build/stm32f4xx_hal_pcd_ex.o
                0x08001ff0                HAL_PCDEx_SetTxFiFo
 .text.HAL_PCDEx_SetRxFiFo
                0x08002038        0x8 build/stm32f4xx_hal_pcd_ex.o
                0x08002038                HAL_PCDEx_SetRxFiFo
 .text.HAL_PCDEx_LPM_Callback
                0x08002040        0x2 build/stm32f4xx_hal_pcd_ex.o
                0x08002040                HAL_PCDEx_LPM_Callback
 *fill*         0x08002042        0x2 
 .text.USB_CoreReset
                0x08002044       0x3c build/stm32f4xx_ll_usb.o
 .text.USB_CoreInit
                0x08002080       0x8a build/stm32f4xx_ll_usb.o
                0x08002080                USB_CoreInit
 *fill*         0x0800210a        0x2 
 .text.USB_SetTurnaroundTime
                0x0800210c       0xec build/stm32f4xx_ll_usb.o
                0x0800210c                USB_SetTurnaroundTime
 .text.USB_EnableGlobalInt
                0x080021f8        0xc build/stm32f4xx_ll_usb.o
                0x080021f8                USB_EnableGlobalInt
 .text.USB_DisableGlobalInt
                0x08002204        0xc build/stm32f4xx_ll_usb.o
                0x08002204                USB_DisableGlobalInt
 .text.USB_SetCurrentMode
                0x08002210       0x30 build/stm32f4xx_ll_usb.o
                0x08002210                USB_SetCurrentMode
 .text.USB_FlushTxFifo
                0x08002240       0x28 build/stm32f4xx_ll_usb.o
                0x08002240                USB_FlushTxFifo
 .text.USB_FlushRxFifo
                0x08002268       0x24 build/stm32f4xx_ll_usb.o
                0x08002268                USB_FlushRxFifo
 .text.USB_SetDevSpeed
                0x0800228c        0xe build/stm32f4xx_ll_usb.o
                0x0800228c                USB_SetDevSpeed
 *fill*         0x0800229a        0x2 
 .text.USB_DevInit
                0x0800229c      0x190 build/stm32f4xx_ll_usb.o
                0x0800229c                USB_DevInit
 .text.USB_GetDevSpeed
                0x0800242c       0x22 build/stm32f4xx_ll_usb.o
                0x0800242c                USB_GetDevSpeed
 .text.USB_ActivateEndpoint
                0x0800244e       0x94 build/stm32f4xx_ll_usb.o
                0x0800244e                USB_ActivateEndpoint
 *fill*         0x080024e2        0x2 
 .text.USB_DeactivateEndpoint
                0x080024e4       0xdc build/stm32f4xx_ll_usb.o
                0x080024e4                USB_DeactivateEndpoint
 .text.USB_EP0StartXfer
                0x080025c0      0x11c build/stm32f4xx_ll_usb.o
                0x080025c0                USB_EP0StartXfer
 .text.USB_WritePacket
                0x080026dc       0x28 build/stm32f4xx_ll_usb.o
                0x080026dc                USB_WritePacket
 .text.USB_EPStartXfer
                0x08002704      0x21c build/stm32f4xx_ll_usb.o
                0x08002704                USB_EPStartXfer
 .text.USB_ReadPacket
                0x08002920       0x28 build/stm32f4xx_ll_usb.o
                0x08002920                USB_ReadPacket
 .text.USB_EPSetStall
                0x08002948       0x5a build/stm32f4xx_ll_usb.o
                0x08002948                USB_EPSetStall
 .text.USB_EPClearStall
                0x080029a2       0x5c build/stm32f4xx_ll_usb.o
                0x080029a2                USB_EPClearStall
 .text.USB_SetDevAddress
                0x080029fe       0x20 build/stm32f4xx_ll_usb.o
                0x080029fe                USB_SetDevAddress
 .text.USB_DevConnect
                0x08002a1e       0x1c build/stm32f4xx_ll_usb.o
                0x08002a1e                USB_DevConnect
 .text.USB_DevDisconnect
                0x08002a3a       0x1c build/stm32f4xx_ll_usb.o
                0x08002a3a                USB_DevDisconnect
 .text.USB_ReadInterrupts
                0x08002a56        0x8 build/stm32f4xx_ll_usb.o
                0x08002a56                USB_ReadInterrupts
 .text.USB_ReadDevAllOutEpInterrupt
                0x08002a5e       0x10 build/stm32f4xx_ll_usb.o
                0x08002a5e                USB_ReadDevAllOutEpInterrupt
 .text.USB_ReadDevAllInEpInterrupt
                0x08002a6e       0x10 build/stm32f4xx_ll_usb.o
                0x08002a6e                USB_ReadDevAllInEpInterrupt
 .text.USB_ReadDevOutEPInterrupt
                0x08002a7e       0x12 build/stm32f4xx_ll_usb.o
                0x08002a7e                USB_ReadDevOutEPInterrupt
 .text.USB_ReadDevInEPInterrupt
                0x08002a90       0x28 build/stm32f4xx_ll_usb.o
                0x08002a90                USB_ReadDevInEPInterrupt
 .text.USB_GetMode
                0x08002ab8        0x8 build/stm32f4xx_ll_usb.o
                0x08002ab8                USB_GetMode
 .text.USB_ActivateSetup
                0x08002ac0       0x20 build/stm32f4xx_ll_usb.o
                0x08002ac0                USB_ActivateSetup
 .text.USB_EP0_OutStart
                0x08002ae0       0x60 build/stm32f4xx_ll_usb.o
                0x08002ae0                USB_EP0_OutStart
 .text.USBD_Init
                0x08002b40       0x38 build/usbd_core.o
                0x08002b40                USBD_Init
 .text.USBD_RegisterClass
                0x08002b78       0x28 build/usbd_core.o
                0x08002b78                USBD_RegisterClass
 .text.USBD_Start
                0x08002ba0        0x8 build/usbd_core.o
                0x08002ba0                USBD_Start
 .text.USBD_SetClassConfig
                0x08002ba8       0x12 build/usbd_core.o
                0x08002ba8                USBD_SetClassConfig
 .text.USBD_ClrClassConfig
                0x08002bba       0x10 build/usbd_core.o
                0x08002bba                USBD_ClrClassConfig
 .text.USBD_LL_SetupStage
                0x08002bca       0x58 build/usbd_core.o
                0x08002bca                USBD_LL_SetupStage
 .text.USBD_LL_DataOutStage
                0x08002c22       0x72 build/usbd_core.o
                0x08002c22                USBD_LL_DataOutStage
 .text.USBD_LL_DataInStage
                0x08002c94       0xb6 build/usbd_core.o
                0x08002c94                USBD_LL_DataInStage
 .text.USBD_LL_Reset
                0x08002d4a       0x52 build/usbd_core.o
                0x08002d4a                USBD_LL_Reset
 .text.USBD_LL_SetSpeed
                0x08002d9c        0x6 build/usbd_core.o
                0x08002d9c                USBD_LL_SetSpeed
 .text.USBD_LL_Suspend
                0x08002da2       0x12 build/usbd_core.o
                0x08002da2                USBD_LL_Suspend
 .text.USBD_LL_Resume
                0x08002db4       0x16 build/usbd_core.o
                0x08002db4                USBD_LL_Resume
 .text.USBD_LL_SOF
                0x08002dca       0x1c build/usbd_core.o
                0x08002dca                USBD_LL_SOF
 .text.USBD_LL_IsoINIncomplete
                0x08002de6        0x4 build/usbd_core.o
                0x08002de6                USBD_LL_IsoINIncomplete
 .text.USBD_LL_IsoOUTIncomplete
                0x08002dea        0x4 build/usbd_core.o
                0x08002dea                USBD_LL_IsoOUTIncomplete
 .text.USBD_LL_DevConnected
                0x08002dee        0x4 build/usbd_core.o
                0x08002dee                USBD_LL_DevConnected
 .text.USBD_LL_DevDisconnected
                0x08002df2       0x18 build/usbd_core.o
                0x08002df2                USBD_LL_DevDisconnected
 .text.USBD_GetLen
                0x08002e0a       0x14 build/usbd_ctlreq.o
 .text.USBD_SetFeature
                0x08002e1e       0x14 build/usbd_ctlreq.o
 .text.USBD_ParseSetupRequest
                0x08002e32       0x28 build/usbd_ctlreq.o
                0x08002e32                USBD_ParseSetupRequest
 .text.USBD_CtlError
                0x08002e5a       0x14 build/usbd_ctlreq.o
                0x08002e5a                USBD_CtlError
 .text.USBD_GetDescriptor
                0x08002e6e      0x18a build/usbd_ctlreq.o
 .text.USBD_SetAddress
                0x08002ff8       0x4e build/usbd_ctlreq.o
 *fill*         0x08003046        0x2 
 .text.USBD_SetConfig
                0x08003048       0xc8 build/usbd_ctlreq.o
 .text.USBD_GetConfig
                0x08003110       0x3c build/usbd_ctlreq.o
 .text.USBD_GetStatus
                0x0800314c       0x38 build/usbd_ctlreq.o
 .text.USBD_ClrFeature
                0x08003184       0x26 build/usbd_ctlreq.o
 .text.USBD_StdDevReq
                0x080031aa       0x76 build/usbd_ctlreq.o
                0x080031aa                USBD_StdDevReq
 .text.USBD_StdItfReq
                0x08003220       0x68 build/usbd_ctlreq.o
                0x08003220                USBD_StdItfReq
 .text.USBD_StdEPReq
                0x08003288      0x202 build/usbd_ctlreq.o
                0x08003288                USBD_StdEPReq
 .text.USBD_GetString
                0x0800348a       0x38 build/usbd_ctlreq.o
                0x0800348a                USBD_GetString
 .text.USBD_CtlSendData
                0x080034c2       0x1a build/usbd_ioreq.o
                0x080034c2                USBD_CtlSendData
 .text.USBD_CtlContinueSendData
                0x080034dc       0x10 build/usbd_ioreq.o
                0x080034dc                USBD_CtlContinueSendData
 .text.USBD_CtlPrepareRx
                0x080034ec       0x1e build/usbd_ioreq.o
                0x080034ec                USBD_CtlPrepareRx
 .text.USBD_CtlContinueRx
                0x0800350a       0x10 build/usbd_ioreq.o
                0x0800350a                USBD_CtlContinueRx
 .text.USBD_CtlSendStatus
                0x0800351a       0x16 build/usbd_ioreq.o
                0x0800351a                USBD_CtlSendStatus
 .text.USBD_CtlReceiveStatus
                0x08003530       0x16 build/usbd_ioreq.o
                0x08003530                USBD_CtlReceiveStatus
 .text.USBD_CDC_EP0_RxReady
                0x08003546       0x28 build/usbd_cdc.o
 *fill*         0x0800356e        0x2 
 .text.USBD_CDC_GetFSCfgDesc
                0x08003570        0xc build/usbd_cdc.o
 .text.USBD_CDC_GetHSCfgDesc
                0x0800357c        0xc build/usbd_cdc.o
 .text.USBD_CDC_GetOtherSpeedCfgDesc
                0x08003588        0xc build/usbd_cdc.o
 .text.USBD_CDC_GetDeviceQualifierDescriptor
                0x08003594        0xc build/usbd_cdc.o
                0x08003594                USBD_CDC_GetDeviceQualifierDescriptor
 .text.USBD_CDC_DataOut
                0x080035a0       0x2a build/usbd_cdc.o
 .text.USBD_CDC_DataIn
                0x080035ca       0x66 build/usbd_cdc.o
 .text.USBD_CDC_Setup
                0x08003630       0xe8 build/usbd_cdc.o
 .text.USBD_CDC_DeInit
                0x08003718       0x48 build/usbd_cdc.o
 .text.USBD_CDC_Init
                0x08003760       0xc2 build/usbd_cdc.o
 .text.USBD_CDC_RegisterInterface
                0x08003822        0xe build/usbd_cdc.o
                0x08003822                USBD_CDC_RegisterInterface
 .text.USBD_CDC_SetTxBuffer
                0x08003830       0x10 build/usbd_cdc.o
                0x08003830                USBD_CDC_SetTxBuffer
 .text.USBD_CDC_SetRxBuffer
                0x08003840        0xc build/usbd_cdc.o
                0x08003840                USBD_CDC_SetRxBuffer
 .text.USBD_CDC_TransmitPacket
                0x0800384c       0x34 build/usbd_cdc.o
                0x0800384c                USBD_CDC_TransmitPacket
 .text.USBD_CDC_ReceivePacket
                0x08003880       0x32 build/usbd_cdc.o
                0x08003880                USBD_CDC_ReceivePacket
 *fill*         0x080038b2        0x2 
 .text.Reset_Handler
                0x080038b4       0x50 build/startup_stm32f407xx.o
                0x080038b4                Reset_Handler
 .text.Default_Handler
                0x08003904        0x2 build/startup_stm32f407xx.o
                0x08003904                RTC_Alarm_IRQHandler
                0x08003904                HASH_RNG_IRQHandler
                0x08003904                EXTI2_IRQHandler
                0x08003904                TIM8_CC_IRQHandler
                0x08003904                TIM1_CC_IRQHandler
                0x08003904                DMA2_Stream5_IRQHandler
                0x08003904                DMA1_Stream5_IRQHandler
                0x08003904                PVD_IRQHandler
                0x08003904                SDIO_IRQHandler
                0x08003904                TAMP_STAMP_IRQHandler
                0x08003904                CAN2_RX1_IRQHandler
                0x08003904                EXTI3_IRQHandler
                0x08003904                TIM8_TRG_COM_TIM14_IRQHandler
                0x08003904                TIM1_UP_TIM10_IRQHandler
                0x08003904                TIM8_UP_TIM13_IRQHandler
                0x08003904                I2C3_ER_IRQHandler
                0x08003904                EXTI0_IRQHandler
                0x08003904                I2C2_EV_IRQHandler
                0x08003904                DMA1_Stream2_IRQHandler
                0x08003904                CAN1_RX0_IRQHandler
                0x08003904                FPU_IRQHandler
                0x08003904                OTG_HS_WKUP_IRQHandler
                0x08003904                CAN2_SCE_IRQHandler
                0x08003904                DMA2_Stream2_IRQHandler
                0x08003904                SPI1_IRQHandler
                0x08003904                TIM6_DAC_IRQHandler
                0x08003904                TIM1_BRK_TIM9_IRQHandler
                0x08003904                DCMI_IRQHandler
                0x08003904                CAN2_RX0_IRQHandler
                0x08003904                DMA2_Stream3_IRQHandler
                0x08003904                USART6_IRQHandler
                0x08003904                USART3_IRQHandler
                0x08003904                CAN1_RX1_IRQHandler
                0x08003904                UART5_IRQHandler
                0x08003904                DMA2_Stream0_IRQHandler
                0x08003904                TIM4_IRQHandler
                0x08003904                I2C1_EV_IRQHandler
                0x08003904                DMA1_Stream6_IRQHandler
                0x08003904                DMA1_Stream1_IRQHandler
                0x08003904                UART4_IRQHandler
                0x08003904                TIM3_IRQHandler
                0x08003904                RCC_IRQHandler
                0x08003904                TIM8_BRK_TIM12_IRQHandler
                0x08003904                Default_Handler
                0x08003904                EXTI15_10_IRQHandler
                0x08003904                ADC_IRQHandler
                0x08003904                DMA1_Stream7_IRQHandler
                0x08003904                TIM7_IRQHandler
                0x08003904                CAN2_TX_IRQHandler
                0x08003904                TIM5_IRQHandler
                0x08003904                DMA2_Stream7_IRQHandler
                0x08003904                I2C3_EV_IRQHandler
                0x08003904                EXTI9_5_IRQHandler
                0x08003904                RTC_WKUP_IRQHandler
                0x08003904                ETH_WKUP_IRQHandler
                0x08003904                SPI2_IRQHandler
                0x08003904                OTG_HS_EP1_IN_IRQHandler
                0x08003904                DMA1_Stream0_IRQHandler
                0x08003904                CAN1_TX_IRQHandler
                0x08003904                EXTI4_IRQHandler
                0x08003904                FSMC_IRQHandler
                0x08003904                ETH_IRQHandler
                0x08003904                OTG_HS_EP1_OUT_IRQHandler
                0x08003904                WWDG_IRQHandler
                0x08003904                TIM2_IRQHandler
                0x08003904                OTG_FS_WKUP_IRQHandler
                0x08003904                TIM1_TRG_COM_TIM11_IRQHandler
                0x08003904                OTG_HS_IRQHandler
                0x08003904                EXTI1_IRQHandler
                0x08003904                USART2_IRQHandler
                0x08003904                I2C2_ER_IRQHandler
                0x08003904                DMA2_Stream1_IRQHandler
                0x08003904                CAN1_SCE_IRQHandler
                0x08003904                FLASH_IRQHandler
                0x08003904                DMA2_Stream4_IRQHandler
                0x08003904                USART1_IRQHandler
                0x08003904                SPI3_IRQHandler
                0x08003904                DMA1_Stream4_IRQHandler
                0x08003904                I2C1_ER_IRQHandler
                0x08003904                DMA2_Stream6_IRQHandler
                0x08003904                DMA1_Stream3_IRQHandler
 *fill*         0x08003906        0x2 
 .text.__libc_init_array
                0x08003908       0x48 d:/stm32_project/tool/7-2018-q2-update/bin/../lib/gcc/arm-none-eabi/7.3.1/../../../../arm-none-eabi/lib/thumb/v7e-m/fpv4-sp/hard\libc_nano.a(lib_a-init.o)
                0x08003908                __libc_init_array
 .text.malloc   0x08003950       0x10 d:/stm32_project/tool/7-2018-q2-update/bin/../lib/gcc/arm-none-eabi/7.3.1/../../../../arm-none-eabi/lib/thumb/v7e-m/fpv4-sp/hard\libc_nano.a(lib_a-malloc.o)
                0x08003950                malloc
 .text.free     0x08003960       0x10 d:/stm32_project/tool/7-2018-q2-update/bin/../lib/gcc/arm-none-eabi/7.3.1/../../../../arm-none-eabi/lib/thumb/v7e-m/fpv4-sp/hard\libc_nano.a(lib_a-malloc.o)
                0x08003960                free
 .text.memset   0x08003970       0x10 d:/stm32_project/tool/7-2018-q2-update/bin/../lib/gcc/arm-none-eabi/7.3.1/../../../../arm-none-eabi/lib/thumb/v7e-m/fpv4-sp/hard\libc_nano.a(lib_a-memset.o)
                0x08003970                memset
 .text._free_r  0x08003980       0x9c d:/stm32_project/tool/7-2018-q2-update/bin/../lib/gcc/arm-none-eabi/7.3.1/../../../../arm-none-eabi/lib/thumb/v7e-m/fpv4-sp/hard\libc_nano.a(lib_a-nano-freer.o)
                0x08003980                _free_r
 .text._malloc_r
                0x08003a1c       0xb4 d:/stm32_project/tool/7-2018-q2-update/bin/../lib/gcc/arm-none-eabi/7.3.1/../../../../arm-none-eabi/lib/thumb/v7e-m/fpv4-sp/hard\libc_nano.a(lib_a-nano-mallocr.o)
                0x08003a1c                _malloc_r
 .text._sbrk_r  0x08003ad0       0x20 d:/stm32_project/tool/7-2018-q2-update/bin/../lib/gcc/arm-none-eabi/7.3.1/../../../../arm-none-eabi/lib/thumb/v7e-m/fpv4-sp/hard\libc_nano.a(lib_a-sbrkr.o)
                0x08003ad0                _sbrk_r
 .text.__malloc_lock
                0x08003af0        0x2 d:/stm32_project/tool/7-2018-q2-update/bin/../lib/gcc/arm-none-eabi/7.3.1/../../../../arm-none-eabi/lib/thumb/v7e-m/fpv4-sp/hard\libc_nano.a(lib_a-mlock.o)
                0x08003af0                __malloc_lock
 .text.__malloc_unlock
                0x08003af2        0x2 d:/stm32_project/tool/7-2018-q2-update/bin/../lib/gcc/arm-none-eabi/7.3.1/../../../../arm-none-eabi/lib/thumb/v7e-m/fpv4-sp/hard\libc_nano.a(lib_a-mlock.o)
                0x08003af2                __malloc_unlock
 .text._sbrk    0x08003af4       0x1c d:/stm32_project/tool/7-2018-q2-update/bin/../lib/gcc/arm-none-eabi/7.3.1/../../../../arm-none-eabi/lib/thumb/v7e-m/fpv4-sp/hard\libnosys.a(sbrk.o)
                0x08003af4                _sbrk
 *(.glue_7)
 .glue_7        0x08003b10        0x0 linker stubs
 *(.glue_7t)
 .glue_7t       0x08003b10        0x0 linker stubs
 *(.eh_frame)
 .eh_frame      0x08003b10        0x0 d:/stm32_project/tool/7-2018-q2-update/bin/../lib/gcc/arm-none-eabi/7.3.1/thumb/v7e-m/fpv4-sp/hard/crtbegin.o
 *(.init)
 .init          0x08003b10        0x4 d:/stm32_project/tool/7-2018-q2-update/bin/../lib/gcc/arm-none-eabi/7.3.1/thumb/v7e-m/fpv4-sp/hard/crti.o
                0x08003b10                _init
 .init          0x08003b14        0x8 d:/stm32_project/tool/7-2018-q2-update/bin/../lib/gcc/arm-none-eabi/7.3.1/thumb/v7e-m/fpv4-sp/hard/crtn.o
 *(.fini)
 .fini          0x08003b1c        0x4 d:/stm32_project/tool/7-2018-q2-update/bin/../lib/gcc/arm-none-eabi/7.3.1/thumb/v7e-m/fpv4-sp/hard/crti.o
                0x08003b1c                _fini
 .fini          0x08003b20        0x8 d:/stm32_project/tool/7-2018-q2-update/bin/../lib/gcc/arm-none-eabi/7.3.1/thumb/v7e-m/fpv4-sp/hard/crtn.o
                0x08003b28                . = ALIGN (0x4)
                0x08003b28                _etext = .

.vfp11_veneer   0x08003b28        0x0
 .vfp11_veneer  0x08003b28        0x0 linker stubs

.v4_bx          0x08003b28        0x0
 .v4_bx         0x08003b28        0x0 linker stubs

.iplt           0x08003b28        0x0
 .iplt          0x08003b28        0x0 d:/stm32_project/tool/7-2018-q2-update/bin/../lib/gcc/arm-none-eabi/7.3.1/thumb/v7e-m/fpv4-sp/hard/crtbegin.o

.rodata         0x08003b28       0x58
                0x08003b28                . = ALIGN (0x4)
 *(.rodata)
 *(.rodata*)
 .rodata.AHBPrescTable
                0x08003b28       0x10 build/system_stm32f4xx.o
                0x08003b28                AHBPrescTable
 .rodata.USBD_FS_ConfigStrDescriptor.str1.4
                0x08003b38        0xb build/usbd_desc.o
 *fill*         0x08003b43        0x1 
 .rodata.USBD_FS_InterfaceStrDescriptor.str1.4
                0x08003b44        0xe build/usbd_desc.o
 *fill*         0x08003b52        0x2 
 .rodata.USBD_FS_ManufacturerStrDescriptor.str1.4
                0x08003b54       0x13 build/usbd_desc.o
 *fill*         0x08003b67        0x1 
 .rodata.USBD_FS_ProductStrDescriptor.str1.4
                0x08003b68       0x18 build/usbd_desc.o
                                 0x16 (size before relaxing)
                0x08003b80                . = ALIGN (0x4)

.ARM.extab
 *(.ARM.extab* .gnu.linkonce.armextab.*)

.ARM            0x08003b80        0x8
                0x08003b80                __exidx_start = .
 *(.ARM.exidx*)
 .ARM.exidx     0x08003b80        0x8 d:/stm32_project/tool/7-2018-q2-update/bin/../lib/gcc/arm-none-eabi/7.3.1/thumb/v7e-m/fpv4-sp/hard\libgcc.a(_udivmoddi4.o)
                0x08003b88                __exidx_end = .

.rel.dyn        0x08003b88        0x0
 .rel.iplt      0x08003b88        0x0 d:/stm32_project/tool/7-2018-q2-update/bin/../lib/gcc/arm-none-eabi/7.3.1/thumb/v7e-m/fpv4-sp/hard/crtbegin.o

.preinit_array  0x08003b88        0x0
                0x08003b88                PROVIDE (__preinit_array_start = .)
 *(.preinit_array*)
                0x08003b88                PROVIDE (__preinit_array_end = .)

.init_array     0x08003b88        0x4
                0x08003b88                PROVIDE (__init_array_start = .)
 *(SORT_BY_NAME(.init_array.*))
 *(.init_array*)
 .init_array    0x08003b88        0x4 d:/stm32_project/tool/7-2018-q2-update/bin/../lib/gcc/arm-none-eabi/7.3.1/thumb/v7e-m/fpv4-sp/hard/crtbegin.o
                0x08003b8c                PROVIDE (__init_array_end = .)

.fini_array     0x08003b8c        0x4
                [!provide]                PROVIDE (__fini_array_start = .)
 *(SORT_BY_NAME(.fini_array.*))
 *(.fini_array*)
 .fini_array    0x08003b8c        0x4 d:/stm32_project/tool/7-2018-q2-update/bin/../lib/gcc/arm-none-eabi/7.3.1/thumb/v7e-m/fpv4-sp/hard/crtbegin.o
                [!provide]                PROVIDE (__fini_array_end = .)
                0x08003b90                _sidata = LOADADDR (.data)

.data           0x20000000      0x1e4 load address 0x08003b90
                0x20000000                . = ALIGN (0x4)
                0x20000000                _sdata = .
 *(.data)
 *(.data*)
 .data.uwTickFreq
                0x20000000        0x1 build/stm32f4xx_hal.o
                0x20000000                uwTickFreq
 *fill*         0x20000001        0x3 
 .data.uwTickPrio
                0x20000004        0x4 build/stm32f4xx_hal.o
                0x20000004                uwTickPrio
 .data.SystemCoreClock
                0x20000008        0x4 build/system_stm32f4xx.o
                0x20000008                SystemCoreClock
 .data.FS_Desc  0x2000000c       0x1c build/usbd_desc.o
                0x2000000c                FS_Desc
 .data.USBD_FS_DeviceDesc
                0x20000028       0x12 build/usbd_desc.o
                0x20000028                USBD_FS_DeviceDesc
 *fill*         0x2000003a        0x2 
 .data.USBD_LangIDDesc
                0x2000003c        0x4 build/usbd_desc.o
                0x2000003c                USBD_LangIDDesc
 .data.USBD_StringSerial
                0x20000040       0x1a build/usbd_desc.o
                0x20000040                USBD_StringSerial
 *fill*         0x2000005a        0x2 
 .data.USBD_Interface_fops_FS
                0x2000005c       0x14 build/usbd_cdc_if.o
                0x2000005c                USBD_Interface_fops_FS
 .data.USBD_CDC
                0x20000070       0x38 build/usbd_cdc.o
                0x20000070                USBD_CDC
 .data.USBD_CDC_CfgFSDesc
                0x200000a8       0x43 build/usbd_cdc.o
 *fill*         0x200000eb        0x1 
 .data.USBD_CDC_CfgHSDesc
                0x200000ec       0x43 build/usbd_cdc.o
 *fill*         0x2000012f        0x1 
 .data.USBD_CDC_DeviceQualifierDesc
                0x20000130        0xa build/usbd_cdc.o
 *fill*         0x2000013a        0x2 
 .data.USBD_CDC_OtherSpeedCfgDesc
                0x2000013c       0x43 build/usbd_cdc.o
 *fill*         0x2000017f        0x1 
 .data._impure_ptr
                0x20000180        0x4 d:/stm32_project/tool/7-2018-q2-update/bin/../lib/gcc/arm-none-eabi/7.3.1/../../../../arm-none-eabi/lib/thumb/v7e-m/fpv4-sp/hard\libc_nano.a(lib_a-impure.o)
                0x20000180                _impure_ptr
 .data.impure_data
                0x20000184       0x60 d:/stm32_project/tool/7-2018-q2-update/bin/../lib/gcc/arm-none-eabi/7.3.1/../../../../arm-none-eabi/lib/thumb/v7e-m/fpv4-sp/hard\libc_nano.a(lib_a-impure.o)
                0x200001e4                . = ALIGN (0x4)
                0x200001e4                _edata = .
                0x08003d74                _siccmram = LOADADDR (.ccmram)

.igot.plt       0x200001e4        0x0 load address 0x08003d74
 .igot.plt      0x200001e4        0x0 d:/stm32_project/tool/7-2018-q2-update/bin/../lib/gcc/arm-none-eabi/7.3.1/thumb/v7e-m/fpv4-sp/hard/crtbegin.o

.ccmram         0x10000000        0x0 load address 0x08003d74
                0x10000000                . = ALIGN (0x4)
                0x10000000                _sccmram = .
 *(.ccmram)
 *(.ccmram*)
                0x10000000                . = ALIGN (0x4)
                0x10000000                _eccmram = .
                0x10000000                . = ALIGN (0x4)

.bss            0x200001e4     0x190c
                0x200001e4                _sbss = .
                0x200001e4                __bss_start__ = _sbss
 *(.bss)
 .bss           0x200001e4       0x1c d:/stm32_project/tool/7-2018-q2-update/bin/../lib/gcc/arm-none-eabi/7.3.1/thumb/v7e-m/fpv4-sp/hard/crtbegin.o
 *(.bss*)
 .bss.cfgidx.9758
                0x20000200        0x1 build/usbd_ctlreq.o
 *fill*         0x20000201        0x3 
 .bss.__malloc_free_list
                0x20000204        0x4 d:/stm32_project/tool/7-2018-q2-update/bin/../lib/gcc/arm-none-eabi/7.3.1/../../../../arm-none-eabi/lib/thumb/v7e-m/fpv4-sp/hard\libc_nano.a(lib_a-nano-mallocr.o)
                0x20000204                __malloc_free_list
 .bss.__malloc_sbrk_start
                0x20000208        0x4 d:/stm32_project/tool/7-2018-q2-update/bin/../lib/gcc/arm-none-eabi/7.3.1/../../../../arm-none-eabi/lib/thumb/v7e-m/fpv4-sp/hard\libc_nano.a(lib_a-nano-mallocr.o)
                0x20000208                __malloc_sbrk_start
 .bss.heap_end.5377
                0x2000020c        0x4 d:/stm32_project/tool/7-2018-q2-update/bin/../lib/gcc/arm-none-eabi/7.3.1/../../../../arm-none-eabi/lib/thumb/v7e-m/fpv4-sp/hard\libnosys.a(sbrk.o)
 *(COMMON)
 COMMON         0x20000210        0x4 build/stm32f4xx_hal.o
                0x20000210                uwTick
 COMMON         0x20000214      0x2d0 build/usb_device.o
                0x20000214                hUsbDeviceFS
 COMMON         0x200004e4      0x200 build/usbd_desc.o
                0x200004e4                USBD_StrDesc
 COMMON         0x200006e4     0x1000 build/usbd_cdc_if.o
                0x200006e4                UserRxBufferFS
                0x20000ee4                UserTxBufferFS
 COMMON         0x200016e4      0x408 build/usbd_conf.o
                0x200016e4                hpcd_USB_OTG_FS
 COMMON         0x20001aec        0x4 d:/stm32_project/tool/7-2018-q2-update/bin/../lib/gcc/arm-none-eabi/7.3.1/../../../../arm-none-eabi/lib/thumb/v7e-m/fpv4-sp/hard\libc_nano.a(lib_a-reent.o)
                0x20001aec                errno
                0x20001af0                . = ALIGN (0x4)
                0x20001af0                _ebss = .
                0x20001af0                __bss_end__ = _ebss

._user_heap_stack
                0x20001af0      0x600
                0x20001af0                . = ALIGN (0x8)
                0x20001af0                PROVIDE (end = .)
                [!provide]                PROVIDE (_end = .)
                0x20001cf0                . = (. + _Min_Heap_Size)
 *fill*         0x20001af0      0x200 
                0x200020f0                . = (. + _Min_Stack_Size)
 *fill*         0x20001cf0      0x400 
                0x200020f0                . = ALIGN (0x8)

/DISCARD/
 libc.a(*)
 libm.a(*)
 libgcc.a(*)

.ARM.attributes
                0x00000000       0x30
 *(.ARM.attributes)
 .ARM.attributes
                0x00000000       0x22 d:/stm32_project/tool/7-2018-q2-update/bin/../lib/gcc/arm-none-eabi/7.3.1/thumb/v7e-m/fpv4-sp/hard/crti.o
 .ARM.attributes
                0x00000022       0x34 d:/stm32_project/tool/7-2018-q2-update/bin/../lib/gcc/arm-none-eabi/7.3.1/thumb/v7e-m/fpv4-sp/hard/crtbegin.o
 .ARM.attributes
                0x00000056       0x39 build/main.o
 .ARM.attributes
                0x0000008f       0x39 build/gpio.o
 .ARM.attributes
                0x000000c8       0x39 build/stm32f4xx_it.o
 .ARM.attributes
                0x00000101       0x39 build/stm32f4xx_hal_msp.o
 .ARM.attributes
                0x0000013a       0x39 build/stm32f4xx_hal_rcc.o
 .ARM.attributes
                0x00000173       0x39 build/stm32f4xx_hal_gpio.o
 .ARM.attributes
                0x000001ac       0x39 build/stm32f4xx_hal_cortex.o
 .ARM.attributes
                0x000001e5       0x39 build/stm32f4xx_hal.o
 .ARM.attributes
                0x0000021e       0x39 build/system_stm32f4xx.o
 .ARM.attributes
                0x00000257       0x39 build/usb_device.o
 .ARM.attributes
                0x00000290       0x39 build/usbd_desc.o
 .ARM.attributes
                0x000002c9       0x39 build/usbd_cdc_if.o
 .ARM.attributes
                0x00000302       0x39 build/usbd_conf.o
 .ARM.attributes
                0x0000033b       0x39 build/stm32f4xx_hal_pcd.o
 .ARM.attributes
                0x00000374       0x39 build/stm32f4xx_hal_pcd_ex.o
 .ARM.attributes
                0x000003ad       0x39 build/stm32f4xx_ll_usb.o
 .ARM.attributes
                0x000003e6       0x39 build/usbd_core.o
 .ARM.attributes
                0x0000041f       0x39 build/usbd_ctlreq.o
 .ARM.attributes
                0x00000458       0x39 build/usbd_ioreq.o
 .ARM.attributes
                0x00000491       0x39 build/usbd_cdc.o
 .ARM.attributes
                0x000004ca       0x21 build/startup_stm32f407xx.o
 .ARM.attributes
                0x000004eb       0x34 d:/stm32_project/tool/7-2018-q2-update/bin/../lib/gcc/arm-none-eabi/7.3.1/../../../../arm-none-eabi/lib/thumb/v7e-m/fpv4-sp/hard\libc_nano.a(lib_a-impure.o)
 .ARM.attributes
                0x0000051f       0x34 d:/stm32_project/tool/7-2018-q2-update/bin/../lib/gcc/arm-none-eabi/7.3.1/../../../../arm-none-eabi/lib/thumb/v7e-m/fpv4-sp/hard\libc_nano.a(lib_a-init.o)
 .ARM.attributes
                0x00000553       0x34 d:/stm32_project/tool/7-2018-q2-update/bin/../lib/gcc/arm-none-eabi/7.3.1/../../../../arm-none-eabi/lib/thumb/v7e-m/fpv4-sp/hard\libc_nano.a(lib_a-malloc.o)
 .ARM.attributes
                0x00000587       0x34 d:/stm32_project/tool/7-2018-q2-update/bin/../lib/gcc/arm-none-eabi/7.3.1/../../../../arm-none-eabi/lib/thumb/v7e-m/fpv4-sp/hard\libc_nano.a(lib_a-memset.o)
 .ARM.attributes
                0x000005bb       0x34 d:/stm32_project/tool/7-2018-q2-update/bin/../lib/gcc/arm-none-eabi/7.3.1/../../../../arm-none-eabi/lib/thumb/v7e-m/fpv4-sp/hard\libc_nano.a(lib_a-nano-freer.o)
 .ARM.attributes
                0x000005ef       0x34 d:/stm32_project/tool/7-2018-q2-update/bin/../lib/gcc/arm-none-eabi/7.3.1/../../../../arm-none-eabi/lib/thumb/v7e-m/fpv4-sp/hard\libc_nano.a(lib_a-nano-mallocr.o)
 .ARM.attributes
                0x00000623       0x34 d:/stm32_project/tool/7-2018-q2-update/bin/../lib/gcc/arm-none-eabi/7.3.1/../../../../arm-none-eabi/lib/thumb/v7e-m/fpv4-sp/hard\libc_nano.a(lib_a-sbrkr.o)
 .ARM.attributes
                0x00000657       0x34 d:/stm32_project/tool/7-2018-q2-update/bin/../lib/gcc/arm-none-eabi/7.3.1/../../../../arm-none-eabi/lib/thumb/v7e-m/fpv4-sp/hard\libc_nano.a(lib_a-mlock.o)
 .ARM.attributes
                0x0000068b       0x34 d:/stm32_project/tool/7-2018-q2-update/bin/../lib/gcc/arm-none-eabi/7.3.1/../../../../arm-none-eabi/lib/thumb/v7e-m/fpv4-sp/hard\libc_nano.a(lib_a-reent.o)
 .ARM.attributes
                0x000006bf       0x34 d:/stm32_project/tool/7-2018-q2-update/bin/../lib/gcc/arm-none-eabi/7.3.1/../../../../arm-none-eabi/lib/thumb/v7e-m/fpv4-sp/hard\libnosys.a(sbrk.o)
 .ARM.attributes
                0x000006f3       0x22 d:/stm32_project/tool/7-2018-q2-update/bin/../lib/gcc/arm-none-eabi/7.3.1/thumb/v7e-m/fpv4-sp/hard\libgcc.a(_aeabi_uldivmod.o)
 .ARM.attributes
                0x00000715       0x34 d:/stm32_project/tool/7-2018-q2-update/bin/../lib/gcc/arm-none-eabi/7.3.1/thumb/v7e-m/fpv4-sp/hard\libgcc.a(_udivmoddi4.o)
 .ARM.attributes
                0x00000749       0x22 d:/stm32_project/tool/7-2018-q2-update/bin/../lib/gcc/arm-none-eabi/7.3.1/thumb/v7e-m/fpv4-sp/hard\libgcc.a(_dvmd_tls.o)
 .ARM.attributes
                0x0000076b       0x22 d:/stm32_project/tool/7-2018-q2-update/bin/../lib/gcc/arm-none-eabi/7.3.1/thumb/v7e-m/fpv4-sp/hard/crtn.o
OUTPUT(build/test2.elf elf32-littlearm)

.debug_info     0x00000000    0x15636
 .debug_info    0x00000000     0x1151 build/main.o
 .debug_info    0x00001151      0x58e build/gpio.o
 .debug_info    0x000016df      0x758 build/stm32f4xx_it.o
 .debug_info    0x00001e37      0x3b3 build/stm32f4xx_hal_msp.o
 .debug_info    0x000021ea      0xb77 build/stm32f4xx_hal_rcc.o
 .debug_info    0x00002d61      0x864 build/stm32f4xx_hal_gpio.o
 .debug_info    0x000035c5     0x1072 build/stm32f4xx_hal_cortex.o
 .debug_info    0x00004637      0xad2 build/stm32f4xx_hal.o
 .debug_info    0x00005109      0x5d8 build/system_stm32f4xx.o
 .debug_info    0x000056e1     0x1155 build/usb_device.o
 .debug_info    0x00006836      0xfa0 build/usbd_desc.o
 .debug_info    0x000077d6     0x138c build/usbd_cdc_if.o
 .debug_info    0x00008b62     0x27c7 build/usbd_conf.o
 .debug_info    0x0000b329     0x1a01 build/stm32f4xx_hal_pcd.o
 .debug_info    0x0000cd2a      0x7e3 build/stm32f4xx_hal_pcd_ex.o
 .debug_info    0x0000d50d     0x1d19 build/stm32f4xx_ll_usb.o
 .debug_info    0x0000f226     0x17d5 build/usbd_core.o
 .debug_info    0x000109fb     0x1c3b build/usbd_ctlreq.o
 .debug_info    0x00012636     0x123c build/usbd_ioreq.o
 .debug_info    0x00013872     0x1da2 build/usbd_cdc.o
 .debug_info    0x00015614       0x22 build/startup_stm32f407xx.o

.debug_abbrev   0x00000000     0x2f40
 .debug_abbrev  0x00000000      0x293 build/main.o
 .debug_abbrev  0x00000293      0x162 build/gpio.o
 .debug_abbrev  0x000003f5      0x176 build/stm32f4xx_it.o
 .debug_abbrev  0x0000056b      0x108 build/stm32f4xx_hal_msp.o
 .debug_abbrev  0x00000673      0x28d build/stm32f4xx_hal_rcc.o
 .debug_abbrev  0x00000900      0x21c build/stm32f4xx_hal_gpio.o
 .debug_abbrev  0x00000b1c      0x33d build/stm32f4xx_hal_cortex.o
 .debug_abbrev  0x00000e59      0x1ed build/stm32f4xx_hal.o
 .debug_abbrev  0x00001046      0x12a build/system_stm32f4xx.o
 .debug_abbrev  0x00001170      0x20d build/usb_device.o
 .debug_abbrev  0x0000137d      0x2a9 build/usbd_desc.o
 .debug_abbrev  0x00001626      0x31b build/usbd_cdc_if.o
 .debug_abbrev  0x00001941      0x2ec build/usbd_conf.o
 .debug_abbrev  0x00001c2d      0x2ad build/stm32f4xx_hal_pcd.o
 .debug_abbrev  0x00001eda      0x1bf build/stm32f4xx_hal_pcd_ex.o
 .debug_abbrev  0x00002099      0x2d1 build/stm32f4xx_ll_usb.o
 .debug_abbrev  0x0000236a      0x2d3 build/usbd_core.o
 .debug_abbrev  0x0000263d      0x3b0 build/usbd_ctlreq.o
 .debug_abbrev  0x000029ed      0x206 build/usbd_ioreq.o
 .debug_abbrev  0x00002bf3      0x33b build/usbd_cdc.o
 .debug_abbrev  0x00002f2e       0x12 build/startup_stm32f407xx.o

.debug_loc      0x00000000     0x8951
 .debug_loc     0x00000000       0x72 build/main.o
 .debug_loc     0x00000072       0x38 build/gpio.o
 .debug_loc     0x000000aa       0x40 build/stm32f4xx_it.o
 .debug_loc     0x000000ea       0x2c build/stm32f4xx_hal_msp.o
 .debug_loc     0x00000116      0x573 build/stm32f4xx_hal_rcc.o
 .debug_loc     0x00000689      0x53e build/stm32f4xx_hal_gpio.o
 .debug_loc     0x00000bc7      0x65e build/stm32f4xx_hal_cortex.o
 .debug_loc     0x00001225      0x1bb build/stm32f4xx_hal.o
 .debug_loc     0x000013e0      0x13e build/system_stm32f4xx.o
 .debug_loc     0x0000151e       0x20 build/usb_device.o
 .debug_loc     0x0000153e      0x3fa build/usbd_desc.o
 .debug_loc     0x00001938      0x194 build/usbd_cdc_if.o
 .debug_loc     0x00001acc      0xe2a build/usbd_conf.o
 .debug_loc     0x000028f6     0x121a build/stm32f4xx_hal_pcd.o
 .debug_loc     0x00003b10       0xd7 build/stm32f4xx_hal_pcd_ex.o
 .debug_loc     0x00003be7     0x236a build/stm32f4xx_ll_usb.o
 .debug_loc     0x00005f51      0x9da build/usbd_core.o
 .debug_loc     0x0000692b     0x147a build/usbd_ctlreq.o
 .debug_loc     0x00007da5      0x348 build/usbd_ioreq.o
 .debug_loc     0x000080ed      0x864 build/usbd_cdc.o

.debug_aranges  0x00000000      0xa90
 .debug_aranges
                0x00000000       0x30 build/main.o
 .debug_aranges
                0x00000030       0x20 build/gpio.o
 .debug_aranges
                0x00000050       0x68 build/stm32f4xx_it.o
 .debug_aranges
                0x000000b8       0x20 build/stm32f4xx_hal_msp.o
 .debug_aranges
                0x000000d8       0x88 build/stm32f4xx_hal_rcc.o
 .debug_aranges
                0x00000160       0x58 build/stm32f4xx_hal_gpio.o
 .debug_aranges
                0x000001b8       0xa8 build/stm32f4xx_hal_cortex.o
 .debug_aranges
                0x00000260       0xf0 build/stm32f4xx_hal.o
 .debug_aranges
                0x00000350       0x28 build/system_stm32f4xx.o
 .debug_aranges
                0x00000378       0x20 build/usb_device.o
 .debug_aranges
                0x00000398       0x60 build/usbd_desc.o
 .debug_aranges
                0x000003f8       0x48 build/usbd_cdc_if.o
 .debug_aranges
                0x00000440      0x100 build/usbd_conf.o
 .debug_aranges
                0x00000540      0x138 build/stm32f4xx_hal_pcd.o
 .debug_aranges
                0x00000678       0x38 build/stm32f4xx_hal_pcd_ex.o
 .debug_aranges
                0x000006b0      0x198 build/stm32f4xx_ll_usb.o
 .debug_aranges
                0x00000848       0xb8 build/usbd_core.o
 .debug_aranges
                0x00000900       0x88 build/usbd_ctlreq.o
 .debug_aranges
                0x00000988       0x50 build/usbd_ioreq.o
 .debug_aranges
                0x000009d8       0x90 build/usbd_cdc.o
 .debug_aranges
                0x00000a68       0x28 build/startup_stm32f407xx.o

.debug_ranges   0x00000000      0x9c0
 .debug_ranges  0x00000000       0x20 build/main.o
 .debug_ranges  0x00000020       0x10 build/gpio.o
 .debug_ranges  0x00000030       0x58 build/stm32f4xx_it.o
 .debug_ranges  0x00000088       0x10 build/stm32f4xx_hal_msp.o
 .debug_ranges  0x00000098       0x90 build/stm32f4xx_hal_rcc.o
 .debug_ranges  0x00000128       0x48 build/stm32f4xx_hal_gpio.o
 .debug_ranges  0x00000170       0xf8 build/stm32f4xx_hal_cortex.o
 .debug_ranges  0x00000268       0xe0 build/stm32f4xx_hal.o
 .debug_ranges  0x00000348       0x18 build/system_stm32f4xx.o
 .debug_ranges  0x00000360       0x10 build/usb_device.o
 .debug_ranges  0x00000370       0x50 build/usbd_desc.o
 .debug_ranges  0x000003c0       0x38 build/usbd_cdc_if.o
 .debug_ranges  0x000003f8       0xf0 build/usbd_conf.o
 .debug_ranges  0x000004e8      0x128 build/stm32f4xx_hal_pcd.o
 .debug_ranges  0x00000610       0x28 build/stm32f4xx_hal_pcd_ex.o
 .debug_ranges  0x00000638      0x188 build/stm32f4xx_ll_usb.o
 .debug_ranges  0x000007c0       0xa8 build/usbd_core.o
 .debug_ranges  0x00000868       0x78 build/usbd_ctlreq.o
 .debug_ranges  0x000008e0       0x40 build/usbd_ioreq.o
 .debug_ranges  0x00000920       0x80 build/usbd_cdc.o
 .debug_ranges  0x000009a0       0x20 build/startup_stm32f407xx.o

.debug_line     0x00000000     0x51dc
 .debug_line    0x00000000      0x369 build/main.o
 .debug_line    0x00000369      0x1b3 build/gpio.o
 .debug_line    0x0000051c      0x273 build/stm32f4xx_it.o
 .debug_line    0x0000078f      0x1a0 build/stm32f4xx_hal_msp.o
 .debug_line    0x0000092f      0x4a8 build/stm32f4xx_hal_rcc.o
 .debug_line    0x00000dd7      0x36e build/stm32f4xx_hal_gpio.o
 .debug_line    0x00001145      0x432 build/stm32f4xx_hal_cortex.o
 .debug_line    0x00001577      0x3e8 build/stm32f4xx_hal.o
 .debug_line    0x0000195f      0x1cb build/system_stm32f4xx.o
 .debug_line    0x00001b2a      0x31d build/usb_device.o
 .debug_line    0x00001e47      0x368 build/usbd_desc.o
 .debug_line    0x000021af      0x346 build/usbd_cdc_if.o
 .debug_line    0x000024f5      0x5a0 build/usbd_conf.o
 .debug_line    0x00002a95      0x825 build/stm32f4xx_hal_pcd.o
 .debug_line    0x000032ba      0x24a build/stm32f4xx_hal_pcd_ex.o
 .debug_line    0x00003504      0x8bb build/stm32f4xx_ll_usb.o
 .debug_line    0x00003dbf      0x4f8 build/usbd_core.o
 .debug_line    0x000042b7      0x63f build/usbd_ctlreq.o
 .debug_line    0x000048f6      0x332 build/usbd_ioreq.o
 .debug_line    0x00004c28      0x541 build/usbd_cdc.o
 .debug_line    0x00005169       0x73 build/startup_stm32f407xx.o

.debug_str      0x00000000     0x3807
 .debug_str     0x00000000      0x91f build/main.o
                                0x9a5 (size before relaxing)
 .debug_str     0x0000091f       0x7c build/gpio.o
                                0x42f (size before relaxing)
 .debug_str     0x0000099b      0x446 build/stm32f4xx_it.o
                                0x6ce (size before relaxing)
 .debug_str     0x00000de1       0x29 build/stm32f4xx_hal_msp.o
                                0x37e (size before relaxing)
 .debug_str     0x00000e0a      0x208 build/stm32f4xx_hal_rcc.o
                                0x76f (size before relaxing)
 .debug_str     0x00001012      0x122 build/stm32f4xx_hal_gpio.o
                                0x591 (size before relaxing)
 .debug_str     0x00001134      0xa01 build/stm32f4xx_hal_cortex.o
                                0xccb (size before relaxing)
 .debug_str     0x00001b35      0x21f build/stm32f4xx_hal.o
                                0xb8c (size before relaxing)
 .debug_str     0x00001d54       0x47 build/system_stm32f4xx.o
                                0x3fa (size before relaxing)
 .debug_str     0x00001d9b      0x408 build/usb_device.o
                                0xb26 (size before relaxing)
 .debug_str     0x000021a3      0x181 build/usbd_desc.o
                                0x8f5 (size before relaxing)
 .debug_str     0x00002324      0x138 build/usbd_cdc_if.o
                                0xc10 (size before relaxing)
 .debug_str     0x0000245c      0x4be build/usbd_conf.o
                               0x19d5 (size before relaxing)
 .debug_str     0x0000291a      0x558 build/stm32f4xx_hal_pcd.o
                                0xe0c (size before relaxing)
 .debug_str     0x00002e72      0x125 build/stm32f4xx_hal_pcd_ex.o
                                0x7af (size before relaxing)
 .debug_str     0x00002f97      0x417 build/stm32f4xx_ll_usb.o
                                0xced (size before relaxing)
 .debug_str     0x000033ae      0x13e build/usbd_core.o
                                0xd04 (size before relaxing)
 .debug_str     0x000034ec      0x109 build/usbd_ctlreq.o
                                0xc56 (size before relaxing)
 .debug_str     0x000035f5       0x60 build/usbd_ioreq.o
                                0xb4b (size before relaxing)
 .debug_str     0x00003655      0x18e build/usbd_cdc.o
                               0x1115 (size before relaxing)
 .debug_str     0x000037e3       0x24 build/startup_stm32f407xx.o
                                 0x3b (size before relaxing)

.comment        0x00000000       0x7f
 .comment       0x00000000       0x7f build/main.o
                                 0x80 (size before relaxing)
 .comment       0x0000007f       0x80 build/gpio.o
 .comment       0x0000007f       0x80 build/stm32f4xx_it.o
 .comment       0x0000007f       0x80 build/stm32f4xx_hal_msp.o
 .comment       0x0000007f       0x80 build/stm32f4xx_hal_rcc.o
 .comment       0x0000007f       0x80 build/stm32f4xx_hal_gpio.o
 .comment       0x0000007f       0x80 build/stm32f4xx_hal_cortex.o
 .comment       0x0000007f       0x80 build/stm32f4xx_hal.o
 .comment       0x0000007f       0x80 build/system_stm32f4xx.o
 .comment       0x0000007f       0x80 build/usb_device.o
 .comment       0x0000007f       0x80 build/usbd_desc.o
 .comment       0x0000007f       0x80 build/usbd_cdc_if.o
 .comment       0x0000007f       0x80 build/usbd_conf.o
 .comment       0x0000007f       0x80 build/stm32f4xx_hal_pcd.o
 .comment       0x0000007f       0x80 build/stm32f4xx_hal_pcd_ex.o
 .comment       0x0000007f       0x80 build/stm32f4xx_ll_usb.o
 .comment       0x0000007f       0x80 build/usbd_core.o
 .comment       0x0000007f       0x80 build/usbd_ctlreq.o
 .comment       0x0000007f       0x80 build/usbd_ioreq.o
 .comment       0x0000007f       0x80 build/usbd_cdc.o

.debug_frame    0x00000000     0x1df0
 .debug_frame   0x00000000       0x60 build/main.o
 .debug_frame   0x00000060       0x34 build/gpio.o
 .debug_frame   0x00000094       0xc8 build/stm32f4xx_it.o
 .debug_frame   0x0000015c       0x28 build/stm32f4xx_hal_msp.o
 .debug_frame   0x00000184      0x1c4 build/stm32f4xx_hal_rcc.o
 .debug_frame   0x00000348       0xf0 build/stm32f4xx_hal_gpio.o
 .debug_frame   0x00000438      0x16c build/stm32f4xx_hal_cortex.o
 .debug_frame   0x000005a4      0x200 build/stm32f4xx_hal.o
 .debug_frame   0x000007a4       0x30 build/system_stm32f4xx.o
 .debug_frame   0x000007d4       0x2c build/usb_device.o
 .debug_frame   0x00000800       0xfc build/usbd_desc.o
 .debug_frame   0x000008fc       0x94 build/usbd_cdc_if.o
 .debug_frame   0x00000990      0x330 build/usbd_conf.o
 .debug_frame   0x00000cc0      0x3c4 build/stm32f4xx_hal_pcd.o
 .debug_frame   0x00001084       0x60 build/stm32f4xx_hal_pcd_ex.o
 .debug_frame   0x000010e4      0x4ec build/stm32f4xx_ll_usb.o
 .debug_frame   0x000015d0      0x200 build/usbd_core.o
 .debug_frame   0x000017d0      0x1ac build/usbd_ctlreq.o
 .debug_frame   0x0000197c       0xd4 build/usbd_ioreq.o
 .debug_frame   0x00001a50      0x188 build/usbd_cdc.o
 .debug_frame   0x00001bd8       0x2c d:/stm32_project/tool/7-2018-q2-update/bin/../lib/gcc/arm-none-eabi/7.3.1/../../../../arm-none-eabi/lib/thumb/v7e-m/fpv4-sp/hard\libc_nano.a(lib_a-init.o)
 .debug_frame   0x00001c04       0x30 d:/stm32_project/tool/7-2018-q2-update/bin/../lib/gcc/arm-none-eabi/7.3.1/../../../../arm-none-eabi/lib/thumb/v7e-m/fpv4-sp/hard\libc_nano.a(lib_a-malloc.o)
 .debug_frame   0x00001c34       0x20 d:/stm32_project/tool/7-2018-q2-update/bin/../lib/gcc/arm-none-eabi/7.3.1/../../../../arm-none-eabi/lib/thumb/v7e-m/fpv4-sp/hard\libc_nano.a(lib_a-memset.o)
 .debug_frame   0x00001c54       0x38 d:/stm32_project/tool/7-2018-q2-update/bin/../lib/gcc/arm-none-eabi/7.3.1/../../../../arm-none-eabi/lib/thumb/v7e-m/fpv4-sp/hard\libc_nano.a(lib_a-nano-freer.o)
 .debug_frame   0x00001c8c       0x2c d:/stm32_project/tool/7-2018-q2-update/bin/../lib/gcc/arm-none-eabi/7.3.1/../../../../arm-none-eabi/lib/thumb/v7e-m/fpv4-sp/hard\libc_nano.a(lib_a-nano-mallocr.o)
 .debug_frame   0x00001cb8       0x2c d:/stm32_project/tool/7-2018-q2-update/bin/../lib/gcc/arm-none-eabi/7.3.1/../../../../arm-none-eabi/lib/thumb/v7e-m/fpv4-sp/hard\libc_nano.a(lib_a-sbrkr.o)
 .debug_frame   0x00001ce4       0x30 d:/stm32_project/tool/7-2018-q2-update/bin/../lib/gcc/arm-none-eabi/7.3.1/../../../../arm-none-eabi/lib/thumb/v7e-m/fpv4-sp/hard\libc_nano.a(lib_a-mlock.o)
 .debug_frame   0x00001d14       0x5c d:/stm32_project/tool/7-2018-q2-update/bin/../lib/gcc/arm-none-eabi/7.3.1/../../../../arm-none-eabi/lib/thumb/v7e-m/fpv4-sp/hard\libc_nano.a(lib_a-reent.o)
 .debug_frame   0x00001d70       0x20 d:/stm32_project/tool/7-2018-q2-update/bin/../lib/gcc/arm-none-eabi/7.3.1/../../../../arm-none-eabi/lib/thumb/v7e-m/fpv4-sp/hard\libnosys.a(sbrk.o)
 .debug_frame   0x00001d90       0x2c d:/stm32_project/tool/7-2018-q2-update/bin/../lib/gcc/arm-none-eabi/7.3.1/thumb/v7e-m/fpv4-sp/hard\libgcc.a(_aeabi_uldivmod.o)
 .debug_frame   0x00001dbc       0x34 d:/stm32_project/tool/7-2018-q2-update/bin/../lib/gcc/arm-none-eabi/7.3.1/thumb/v7e-m/fpv4-sp/hard\libgcc.a(_udivmoddi4.o)

Cross Reference Table

Symbol                                            File
ADC_IRQHandler                                    build/startup_stm32f407xx.o
AHBPrescTable                                     build/system_stm32f4xx.o
                                                  build/stm32f4xx_hal_rcc.o
APBPrescTable                                     build/system_stm32f4xx.o
                                                  build/stm32f4xx_hal_rcc.o
BusFault_Handler                                  build/stm32f4xx_it.o
CAN1_RX0_IRQHandler                               build/startup_stm32f407xx.o
CAN1_RX1_IRQHandler                               build/startup_stm32f407xx.o
CAN1_SCE_IRQHandler                               build/startup_stm32f407xx.o
CAN1_TX_IRQHandler                                build/startup_stm32f407xx.o
CAN2_RX0_IRQHandler                               build/startup_stm32f407xx.o
CAN2_RX1_IRQHandler                               build/startup_stm32f407xx.o
CAN2_SCE_IRQHandler                               build/startup_stm32f407xx.o
CAN2_TX_IRQHandler                                build/startup_stm32f407xx.o
CDC_Transmit_FS                                   build/usbd_cdc_if.o
                                                  build/main.o
DCMI_IRQHandler                                   build/startup_stm32f407xx.o
DMA1_Stream0_IRQHandler                           build/startup_stm32f407xx.o
DMA1_Stream1_IRQHandler                           build/startup_stm32f407xx.o
DMA1_Stream2_IRQHandler                           build/startup_stm32f407xx.o
DMA1_Stream3_IRQHandler                           build/startup_stm32f407xx.o
DMA1_Stream4_IRQHandler                           build/startup_stm32f407xx.o
DMA1_Stream5_IRQHandler                           build/startup_stm32f407xx.o
DMA1_Stream6_IRQHandler                           build/startup_stm32f407xx.o
DMA1_Stream7_IRQHandler                           build/startup_stm32f407xx.o
DMA2_Stream0_IRQHandler                           build/startup_stm32f407xx.o
DMA2_Stream1_IRQHandler                           build/startup_stm32f407xx.o
DMA2_Stream2_IRQHandler                           build/startup_stm32f407xx.o
DMA2_Stream3_IRQHandler                           build/startup_stm32f407xx.o
DMA2_Stream4_IRQHandler                           build/startup_stm32f407xx.o
DMA2_Stream5_IRQHandler                           build/startup_stm32f407xx.o
DMA2_Stream6_IRQHandler                           build/startup_stm32f407xx.o
DMA2_Stream7_IRQHandler                           build/startup_stm32f407xx.o
DebugMon_Handler                                  build/stm32f4xx_it.o
Default_Handler                                   build/startup_stm32f407xx.o
ETH_IRQHandler                                    build/startup_stm32f407xx.o
ETH_WKUP_IRQHandler                               build/startup_stm32f407xx.o
EXTI0_IRQHandler                                  build/startup_stm32f407xx.o
EXTI15_10_IRQHandler                              build/startup_stm32f407xx.o
EXTI1_IRQHandler                                  build/startup_stm32f407xx.o
EXTI2_IRQHandler                                  build/startup_stm32f407xx.o
EXTI3_IRQHandler                                  build/startup_stm32f407xx.o
EXTI4_IRQHandler                                  build/startup_stm32f407xx.o
EXTI9_5_IRQHandler                                build/startup_stm32f407xx.o
Error_Handler                                     build/main.o
                                                  build/usbd_conf.o
                                                  build/usb_device.o
FLASH_Erase_Sector                                build/stm32f4xx_hal_flash_ex.o
                                                  build/stm32f4xx_hal_flash.o
FLASH_FlushCaches                                 build/stm32f4xx_hal_flash_ex.o
                                                  build/stm32f4xx_hal_flash.o
FLASH_IRQHandler                                  build/startup_stm32f407xx.o
FLASH_WaitForLastOperation                        build/stm32f4xx_hal_flash.o
                                                  build/stm32f4xx_hal_flash_ex.o
FPU_IRQHandler                                    build/startup_stm32f407xx.o
FSMC_IRQHandler                                   build/startup_stm32f407xx.o
FS_Desc                                           build/usbd_desc.o
                                                  build/usb_device.o
HAL_DBGMCU_DisableDBGSleepMode                    build/stm32f4xx_hal.o
HAL_DBGMCU_DisableDBGStandbyMode                  build/stm32f4xx_hal.o
HAL_DBGMCU_DisableDBGStopMode                     build/stm32f4xx_hal.o
HAL_DBGMCU_EnableDBGSleepMode                     build/stm32f4xx_hal.o
HAL_DBGMCU_EnableDBGStandbyMode                   build/stm32f4xx_hal.o
HAL_DBGMCU_EnableDBGStopMode                      build/stm32f4xx_hal.o
HAL_DMAEx_ChangeMemory                            build/stm32f4xx_hal_dma_ex.o
HAL_DMAEx_MultiBufferStart                        build/stm32f4xx_hal_dma_ex.o
HAL_DMAEx_MultiBufferStart_IT                     build/stm32f4xx_hal_dma_ex.o
HAL_DMA_Abort                                     build/stm32f4xx_hal_dma.o
HAL_DMA_Abort_IT                                  build/stm32f4xx_hal_dma.o
HAL_DMA_DeInit                                    build/stm32f4xx_hal_dma.o
HAL_DMA_GetError                                  build/stm32f4xx_hal_dma.o
HAL_DMA_GetState                                  build/stm32f4xx_hal_dma.o
HAL_DMA_IRQHandler                                build/stm32f4xx_hal_dma.o
HAL_DMA_Init                                      build/stm32f4xx_hal_dma.o
HAL_DMA_PollForTransfer                           build/stm32f4xx_hal_dma.o
HAL_DMA_RegisterCallback                          build/stm32f4xx_hal_dma.o
HAL_DMA_Start                                     build/stm32f4xx_hal_dma.o
HAL_DMA_Start_IT                                  build/stm32f4xx_hal_dma.o
HAL_DMA_UnRegisterCallback                        build/stm32f4xx_hal_dma.o
HAL_DeInit                                        build/stm32f4xx_hal.o
HAL_Delay                                         build/stm32f4xx_hal.o
                                                  build/stm32f4xx_ll_usb.o
                                                  build/usbd_conf.o
                                                  build/main.o
HAL_DisableCompensationCell                       build/stm32f4xx_hal.o
HAL_EXTI_ClearConfigLine                          build/stm32f4xx_hal_exti.o
HAL_EXTI_ClearPending                             build/stm32f4xx_hal_exti.o
HAL_EXTI_GenerateSWI                              build/stm32f4xx_hal_exti.o
HAL_EXTI_GetConfigLine                            build/stm32f4xx_hal_exti.o
HAL_EXTI_GetHandle                                build/stm32f4xx_hal_exti.o
HAL_EXTI_GetPending                               build/stm32f4xx_hal_exti.o
HAL_EXTI_IRQHandler                               build/stm32f4xx_hal_exti.o
HAL_EXTI_RegisterCallback                         build/stm32f4xx_hal_exti.o
HAL_EXTI_SetConfigLine                            build/stm32f4xx_hal_exti.o
HAL_EnableCompensationCell                        build/stm32f4xx_hal.o
HAL_FLASHEx_Erase                                 build/stm32f4xx_hal_flash_ex.o
HAL_FLASHEx_Erase_IT                              build/stm32f4xx_hal_flash_ex.o
HAL_FLASHEx_OBGetConfig                           build/stm32f4xx_hal_flash_ex.o
HAL_FLASHEx_OBProgram                             build/stm32f4xx_hal_flash_ex.o
HAL_FLASH_EndOfOperationCallback                  build/stm32f4xx_hal_flash.o
HAL_FLASH_GetError                                build/stm32f4xx_hal_flash.o
HAL_FLASH_IRQHandler                              build/stm32f4xx_hal_flash.o
HAL_FLASH_Lock                                    build/stm32f4xx_hal_flash.o
HAL_FLASH_OB_Launch                               build/stm32f4xx_hal_flash.o
HAL_FLASH_OB_Lock                                 build/stm32f4xx_hal_flash.o
HAL_FLASH_OB_Unlock                               build/stm32f4xx_hal_flash.o
HAL_FLASH_OperationErrorCallback                  build/stm32f4xx_hal_flash.o
HAL_FLASH_Program                                 build/stm32f4xx_hal_flash.o
HAL_FLASH_Program_IT                              build/stm32f4xx_hal_flash.o
HAL_FLASH_Unlock                                  build/stm32f4xx_hal_flash.o
HAL_GPIO_DeInit                                   build/stm32f4xx_hal_gpio.o
                                                  build/usbd_conf.o
HAL_GPIO_EXTI_Callback                            build/stm32f4xx_hal_gpio.o
HAL_GPIO_EXTI_IRQHandler                          build/stm32f4xx_hal_gpio.o
HAL_GPIO_Init                                     build/stm32f4xx_hal_gpio.o
                                                  build/usbd_conf.o
                                                  build/stm32f4xx_hal_rcc.o
                                                  build/gpio.o
HAL_GPIO_LockPin                                  build/stm32f4xx_hal_gpio.o
HAL_GPIO_ReadPin                                  build/stm32f4xx_hal_gpio.o
HAL_GPIO_TogglePin                                build/stm32f4xx_hal_gpio.o
                                                  build/main.o
HAL_GPIO_WritePin                                 build/stm32f4xx_hal_gpio.o
                                                  build/gpio.o
HAL_GetDEVID                                      build/stm32f4xx_hal.o
HAL_GetHalVersion                                 build/stm32f4xx_hal.o
HAL_GetREVID                                      build/stm32f4xx_hal.o
HAL_GetTick                                       build/stm32f4xx_hal.o
                                                  build/stm32f4xx_hal_pwr_ex.o
                                                  build/stm32f4xx_hal_dma.o
                                                  build/stm32f4xx_hal_flash.o
                                                  build/stm32f4xx_hal_rcc_ex.o
                                                  build/stm32f4xx_hal_rcc.o
HAL_GetTickFreq                                   build/stm32f4xx_hal.o
HAL_GetTickPrio                                   build/stm32f4xx_hal.o
HAL_GetUIDw0                                      build/stm32f4xx_hal.o
HAL_GetUIDw1                                      build/stm32f4xx_hal.o
HAL_GetUIDw2                                      build/stm32f4xx_hal.o
HAL_IncTick                                       build/stm32f4xx_hal.o
                                                  build/stm32f4xx_it.o
HAL_Init                                          build/stm32f4xx_hal.o
                                                  build/main.o
HAL_InitTick                                      build/stm32f4xx_hal.o
                                                  build/stm32f4xx_hal_rcc_ex.o
                                                  build/stm32f4xx_hal_rcc.o
HAL_MPU_ConfigRegion                              build/stm32f4xx_hal_cortex.o
HAL_MPU_Disable                                   build/stm32f4xx_hal_cortex.o
HAL_MPU_Enable                                    build/stm32f4xx_hal_cortex.o
HAL_MspDeInit                                     build/stm32f4xx_hal.o
HAL_MspInit                                       build/stm32f4xx_hal_msp.o
HAL_NVIC_ClearPendingIRQ                          build/stm32f4xx_hal_cortex.o
HAL_NVIC_DisableIRQ                               build/stm32f4xx_hal_cortex.o
                                                  build/usbd_conf.o
HAL_NVIC_EnableIRQ                                build/stm32f4xx_hal_cortex.o
                                                  build/usbd_conf.o
HAL_NVIC_GetActive                                build/stm32f4xx_hal_cortex.o
HAL_NVIC_GetPendingIRQ                            build/stm32f4xx_hal_cortex.o
HAL_NVIC_GetPriority                              build/stm32f4xx_hal_cortex.o
HAL_NVIC_GetPriorityGrouping                      build/stm32f4xx_hal_cortex.o
HAL_NVIC_SetPendingIRQ                            build/stm32f4xx_hal_cortex.o
HAL_NVIC_SetPriority                              build/stm32f4xx_hal_cortex.o
                                                  build/usbd_conf.o
                                                  build/stm32f4xx_hal.o
HAL_NVIC_SetPriorityGrouping                      build/stm32f4xx_hal_cortex.o
                                                  build/stm32f4xx_hal.o
HAL_NVIC_SystemReset                              build/stm32f4xx_hal_cortex.o
HAL_PCDEx_BCD_Callback                            build/stm32f4xx_hal_pcd_ex.o
HAL_PCDEx_LPM_Callback                            build/stm32f4xx_hal_pcd_ex.o
                                                  build/stm32f4xx_hal_pcd.o
HAL_PCDEx_SetRxFiFo                               build/stm32f4xx_hal_pcd_ex.o
                                                  build/usbd_conf.o
HAL_PCDEx_SetTxFiFo                               build/stm32f4xx_hal_pcd_ex.o
                                                  build/usbd_conf.o
HAL_PCD_ActivateRemoteWakeup                      build/stm32f4xx_hal_pcd.o
HAL_PCD_ConnectCallback                           build/usbd_conf.o
HAL_PCD_DataInStageCallback                       build/usbd_conf.o
HAL_PCD_DataOutStageCallback                      build/usbd_conf.o
HAL_PCD_DeActivateRemoteWakeup                    build/stm32f4xx_hal_pcd.o
HAL_PCD_DeInit                                    build/stm32f4xx_hal_pcd.o
                                                  build/usbd_conf.o
HAL_PCD_DevConnect                                build/stm32f4xx_hal_pcd.o
HAL_PCD_DevDisconnect                             build/stm32f4xx_hal_pcd.o
HAL_PCD_DisconnectCallback                        build/usbd_conf.o
HAL_PCD_EP_Close                                  build/stm32f4xx_hal_pcd.o
                                                  build/usbd_conf.o
HAL_PCD_EP_ClrStall                               build/stm32f4xx_hal_pcd.o
                                                  build/usbd_conf.o
HAL_PCD_EP_Flush                                  build/stm32f4xx_hal_pcd.o
                                                  build/usbd_conf.o
HAL_PCD_EP_GetRxCount                             build/stm32f4xx_hal_pcd.o
                                                  build/usbd_conf.o
HAL_PCD_EP_Open                                   build/stm32f4xx_hal_pcd.o
                                                  build/usbd_conf.o
HAL_PCD_EP_Receive                                build/stm32f4xx_hal_pcd.o
                                                  build/usbd_conf.o
HAL_PCD_EP_SetStall                               build/stm32f4xx_hal_pcd.o
                                                  build/usbd_conf.o
HAL_PCD_EP_Transmit                               build/stm32f4xx_hal_pcd.o
                                                  build/usbd_conf.o
HAL_PCD_GetState                                  build/stm32f4xx_hal_pcd.o
HAL_PCD_IRQHandler                                build/stm32f4xx_hal_pcd.o
                                                  build/stm32f4xx_it.o
HAL_PCD_ISOINIncompleteCallback                   build/usbd_conf.o
HAL_PCD_ISOOUTIncompleteCallback                  build/usbd_conf.o
HAL_PCD_Init                                      build/stm32f4xx_hal_pcd.o
                                                  build/usbd_conf.o
HAL_PCD_MspDeInit                                 build/usbd_conf.o
HAL_PCD_MspInit                                   build/usbd_conf.o
HAL_PCD_ResetCallback                             build/usbd_conf.o
HAL_PCD_ResumeCallback                            build/usbd_conf.o
HAL_PCD_SOFCallback                               build/usbd_conf.o
HAL_PCD_SetAddress                                build/stm32f4xx_hal_pcd.o
                                                  build/usbd_conf.o
HAL_PCD_SetupStageCallback                        build/usbd_conf.o
HAL_PCD_Start                                     build/stm32f4xx_hal_pcd.o
                                                  build/usbd_conf.o
HAL_PCD_Stop                                      build/stm32f4xx_hal_pcd.o
                                                  build/usbd_conf.o
HAL_PCD_SuspendCallback                           build/usbd_conf.o
HAL_PCD_WKUP_IRQHandler                           build/stm32f4xx_hal_pcd.o
HAL_PWREx_ControlVoltageScaling                   build/stm32f4xx_hal_pwr_ex.o
HAL_PWREx_DisableBkUpReg                          build/stm32f4xx_hal_pwr_ex.o
HAL_PWREx_DisableFlashPowerDown                   build/stm32f4xx_hal_pwr_ex.o
HAL_PWREx_EnableBkUpReg                           build/stm32f4xx_hal_pwr_ex.o
HAL_PWREx_EnableFlashPowerDown                    build/stm32f4xx_hal_pwr_ex.o
HAL_PWREx_GetVoltageRange                         build/stm32f4xx_hal_pwr_ex.o
HAL_PWR_ConfigPVD                                 build/stm32f4xx_hal_pwr.o
HAL_PWR_DeInit                                    build/stm32f4xx_hal_pwr.o
HAL_PWR_DisableBkUpAccess                         build/stm32f4xx_hal_pwr.o
HAL_PWR_DisablePVD                                build/stm32f4xx_hal_pwr.o
HAL_PWR_DisableSEVOnPend                          build/stm32f4xx_hal_pwr.o
HAL_PWR_DisableSleepOnExit                        build/stm32f4xx_hal_pwr.o
HAL_PWR_DisableWakeUpPin                          build/stm32f4xx_hal_pwr.o
HAL_PWR_EnableBkUpAccess                          build/stm32f4xx_hal_pwr.o
HAL_PWR_EnablePVD                                 build/stm32f4xx_hal_pwr.o
HAL_PWR_EnableSEVOnPend                           build/stm32f4xx_hal_pwr.o
HAL_PWR_EnableSleepOnExit                         build/stm32f4xx_hal_pwr.o
HAL_PWR_EnableWakeUpPin                           build/stm32f4xx_hal_pwr.o
HAL_PWR_EnterSLEEPMode                            build/stm32f4xx_hal_pwr.o
HAL_PWR_EnterSTANDBYMode                          build/stm32f4xx_hal_pwr.o
HAL_PWR_EnterSTOPMode                             build/stm32f4xx_hal_pwr.o
HAL_PWR_PVDCallback                               build/stm32f4xx_hal_pwr.o
HAL_PWR_PVD_IRQHandler                            build/stm32f4xx_hal_pwr.o
HAL_RCCEx_DisablePLLI2S                           build/stm32f4xx_hal_rcc_ex.o
HAL_RCCEx_EnablePLLI2S                            build/stm32f4xx_hal_rcc_ex.o
HAL_RCCEx_GetPeriphCLKConfig                      build/stm32f4xx_hal_rcc_ex.o
HAL_RCCEx_GetPeriphCLKFreq                        build/stm32f4xx_hal_rcc_ex.o
HAL_RCCEx_PeriphCLKConfig                         build/stm32f4xx_hal_rcc_ex.o
HAL_RCC_CSSCallback                               build/stm32f4xx_hal_rcc.o
HAL_RCC_ClockConfig                               build/stm32f4xx_hal_rcc.o
                                                  build/main.o
HAL_RCC_DeInit                                    build/stm32f4xx_hal_rcc_ex.o
                                                  build/stm32f4xx_hal_rcc.o
HAL_RCC_DisableCSS                                build/stm32f4xx_hal_rcc.o
HAL_RCC_EnableCSS                                 build/stm32f4xx_hal_rcc.o
HAL_RCC_GetClockConfig                            build/stm32f4xx_hal_rcc.o
HAL_RCC_GetHCLKFreq                               build/stm32f4xx_hal_rcc.o
                                                  build/stm32f4xx_hal_pcd.o
HAL_RCC_GetOscConfig                              build/stm32f4xx_hal_rcc.o
HAL_RCC_GetPCLK1Freq                              build/stm32f4xx_hal_rcc.o
HAL_RCC_GetPCLK2Freq                              build/stm32f4xx_hal_rcc.o
HAL_RCC_GetSysClockFreq                           build/stm32f4xx_hal_rcc.o
HAL_RCC_MCOConfig                                 build/stm32f4xx_hal_rcc.o
HAL_RCC_NMI_IRQHandler                            build/stm32f4xx_hal_rcc.o
HAL_RCC_OscConfig                                 build/stm32f4xx_hal_rcc.o
                                                  build/main.o
HAL_ResumeTick                                    build/stm32f4xx_hal.o
HAL_SYSTICK_CLKSourceConfig                       build/stm32f4xx_hal_cortex.o
HAL_SYSTICK_Callback                              build/stm32f4xx_hal_cortex.o
HAL_SYSTICK_Config                                build/stm32f4xx_hal_cortex.o
                                                  build/stm32f4xx_hal.o
HAL_SYSTICK_IRQHandler                            build/stm32f4xx_hal_cortex.o
HAL_SetTickFreq                                   build/stm32f4xx_hal.o
HAL_SuspendTick                                   build/stm32f4xx_hal.o
HASH_RNG_IRQHandler                               build/startup_stm32f407xx.o
HardFault_Handler                                 build/stm32f4xx_it.o
I2C1_ER_IRQHandler                                build/startup_stm32f407xx.o
I2C1_EV_IRQHandler                                build/startup_stm32f407xx.o
I2C2_ER_IRQHandler                                build/startup_stm32f407xx.o
I2C2_EV_IRQHandler                                build/startup_stm32f407xx.o
I2C3_ER_IRQHandler                                build/startup_stm32f407xx.o
I2C3_EV_IRQHandler                                build/startup_stm32f407xx.o
MX_GPIO_Init                                      build/gpio.o
                                                  build/main.o
MX_USB_DEVICE_Init                                build/usb_device.o
                                                  build/main.o
MemManage_Handler                                 build/stm32f4xx_it.o
NMI_Handler                                       build/stm32f4xx_it.o
OTG_FS_IRQHandler                                 build/stm32f4xx_it.o
OTG_FS_WKUP_IRQHandler                            build/startup_stm32f407xx.o
OTG_HS_EP1_IN_IRQHandler                          build/startup_stm32f407xx.o
OTG_HS_EP1_OUT_IRQHandler                         build/startup_stm32f407xx.o
OTG_HS_IRQHandler                                 build/startup_stm32f407xx.o
OTG_HS_WKUP_IRQHandler                            build/startup_stm32f407xx.o
PVD_IRQHandler                                    build/startup_stm32f407xx.o
PendSV_Handler                                    build/stm32f4xx_it.o
RCC_IRQHandler                                    build/startup_stm32f407xx.o
RTC_Alarm_IRQHandler                              build/startup_stm32f407xx.o
RTC_WKUP_IRQHandler                               build/startup_stm32f407xx.o
Reset_Handler                                     build/startup_stm32f407xx.o
SDIO_IRQHandler                                   build/startup_stm32f407xx.o
SPI1_IRQHandler                                   build/startup_stm32f407xx.o
SPI2_IRQHandler                                   build/startup_stm32f407xx.o
SPI3_IRQHandler                                   build/startup_stm32f407xx.o
SVC_Handler                                       build/stm32f4xx_it.o
SysTick_Handler                                   build/stm32f4xx_it.o
SystemClock_Config                                build/main.o
SystemCoreClock                                   build/system_stm32f4xx.o
                                                  build/stm32f4xx_hal.o
                                                  build/stm32f4xx_hal_dma.o
                                                  build/stm32f4xx_hal_rcc_ex.o
                                                  build/stm32f4xx_hal_rcc.o
SystemCoreClockUpdate                             build/system_stm32f4xx.o
SystemInit                                        build/system_stm32f4xx.o
                                                  build/startup_stm32f407xx.o
TAMP_STAMP_IRQHandler                             build/startup_stm32f407xx.o
TIM1_BRK_TIM9_IRQHandler                          build/startup_stm32f407xx.o
TIM1_CC_IRQHandler                                build/startup_stm32f407xx.o
TIM1_TRG_COM_TIM11_IRQHandler                     build/startup_stm32f407xx.o
TIM1_UP_TIM10_IRQHandler                          build/startup_stm32f407xx.o
TIM2_IRQHandler                                   build/startup_stm32f407xx.o
TIM3_IRQHandler                                   build/startup_stm32f407xx.o
TIM4_IRQHandler                                   build/startup_stm32f407xx.o
TIM5_IRQHandler                                   build/startup_stm32f407xx.o
TIM6_DAC_IRQHandler                               build/startup_stm32f407xx.o
TIM7_IRQHandler                                   build/startup_stm32f407xx.o
TIM8_BRK_TIM12_IRQHandler                         build/startup_stm32f407xx.o
TIM8_CC_IRQHandler                                build/startup_stm32f407xx.o
TIM8_TRG_COM_TIM14_IRQHandler                     build/startup_stm32f407xx.o
TIM8_UP_TIM13_IRQHandler                          build/startup_stm32f407xx.o
UART4_IRQHandler                                  build/startup_stm32f407xx.o
UART5_IRQHandler                                  build/startup_stm32f407xx.o
USART1_IRQHandler                                 build/startup_stm32f407xx.o
USART2_IRQHandler                                 build/startup_stm32f407xx.o
USART3_IRQHandler                                 build/startup_stm32f407xx.o
USART6_IRQHandler                                 build/startup_stm32f407xx.o
USBD_CDC                                          build/usbd_cdc.o
                                                  build/usb_device.o
USBD_CDC_GetDeviceQualifierDescriptor             build/usbd_cdc.o
USBD_CDC_ReceivePacket                            build/usbd_cdc.o
                                                  build/usbd_cdc_if.o
USBD_CDC_RegisterInterface                        build/usbd_cdc.o
                                                  build/usb_device.o
USBD_CDC_SetRxBuffer                              build/usbd_cdc.o
                                                  build/usbd_cdc_if.o
USBD_CDC_SetTxBuffer                              build/usbd_cdc.o
                                                  build/usbd_cdc_if.o
USBD_CDC_TransmitPacket                           build/usbd_cdc.o
                                                  build/usbd_cdc_if.o
USBD_ClrClassConfig                               build/usbd_core.o
                                                  build/usbd_ctlreq.o
USBD_CtlContinueRx                                build/usbd_ioreq.o
                                                  build/usbd_core.o
USBD_CtlContinueSendData                          build/usbd_ioreq.o
                                                  build/usbd_core.o
USBD_CtlError                                     build/usbd_ctlreq.o
                                                  build/usbd_cdc.o
USBD_CtlPrepareRx                                 build/usbd_ioreq.o
                                                  build/usbd_cdc.o
USBD_CtlReceiveStatus                             build/usbd_ioreq.o
                                                  build/usbd_core.o
USBD_CtlSendData                                  build/usbd_ioreq.o
                                                  build/usbd_cdc.o
                                                  build/usbd_ctlreq.o
USBD_CtlSendStatus                                build/usbd_ioreq.o
                                                  build/usbd_ctlreq.o
                                                  build/usbd_core.o
USBD_DeInit                                       build/usbd_core.o
USBD_FS_ConfigStrDescriptor                       build/usbd_desc.o
USBD_FS_DeviceDesc                                build/usbd_desc.o
USBD_FS_DeviceDescriptor                          build/usbd_desc.o
USBD_FS_InterfaceStrDescriptor                    build/usbd_desc.o
USBD_FS_LangIDStrDescriptor                       build/usbd_desc.o
USBD_FS_ManufacturerStrDescriptor                 build/usbd_desc.o
USBD_FS_ProductStrDescriptor                      build/usbd_desc.o
USBD_FS_SerialStrDescriptor                       build/usbd_desc.o
USBD_GetRxCount                                   build/usbd_ioreq.o
USBD_GetString                                    build/usbd_ctlreq.o
                                                  build/usbd_desc.o
USBD_Get_USB_Status                               build/usbd_conf.o
USBD_Init                                         build/usbd_core.o
                                                  build/usb_device.o
USBD_Interface_fops_FS                            build/usbd_cdc_if.o
                                                  build/usb_device.o
USBD_LL_ClearStallEP                              build/usbd_conf.o
                                                  build/usbd_ctlreq.o
USBD_LL_CloseEP                                   build/usbd_conf.o
                                                  build/usbd_cdc.o
USBD_LL_DataInStage                               build/usbd_core.o